[2024-06-15T16:26:28.353+0700][0.026s] Using G1
[2024-06-15T16:26:28.813+0700][0.486s] Version: 17.0.9+11-LTS-201 (release)
[2024-06-15T16:26:28.814+0700][0.487s] CPUs: 4 total, 4 available
[2024-06-15T16:26:28.814+0700][0.487s] Memory: 8075M
[2024-06-15T16:26:28.814+0700][0.487s] Large Page Support: Disabled
[2024-06-15T16:26:28.814+0700][0.487s] NUMA Support: Disabled
[2024-06-15T16:26:28.814+0700][0.487s] Compressed Oops: Enabled (32-bit)
[2024-06-15T16:26:28.814+0700][0.488s] Heap Region Size: 1M
[2024-06-15T16:26:28.814+0700][0.488s] Heap Min Capacity: 512M
[2024-06-15T16:26:28.815+0700][0.488s] Heap Initial Capacity: 512M
[2024-06-15T16:26:28.815+0700][0.488s] Heap Max Capacity: 512M
[2024-06-15T16:26:28.815+0700][0.488s] Pre-touch: Enabled
[2024-06-15T16:26:28.815+0700][0.488s] Parallel Workers: 4
[2024-06-15T16:26:28.815+0700][0.488s] Concurrent Workers: 1
[2024-06-15T16:26:28.815+0700][0.488s] Concurrent Refinement Workers: 4
[2024-06-15T16:26:28.815+0700][0.488s] Periodic GC: Disabled
[2024-06-15T16:26:28.934+0700][0.607s] CDS archive(s) mapped at: [0x0000026700000000-0x0000026700bd0000-0x0000026700bd0000), size 12386304, SharedBaseAddress: 0x0000026700000000, ArchiveRelocationMode: 1.
[2024-06-15T16:26:28.934+0700][0.607s] Compressed class space mapped at: 0x0000026701000000-0x0000026741000000, reserved size: 1073741824
[2024-06-15T16:26:28.934+0700][0.607s] Narrow klass base: 0x0000026700000000, Narrow klass shift: 0, Narrow klass range: 0x100000000
[2024-06-15T16:26:32.545+0700][4.219s] GC(0) Pause Young (Normal) (G1 Evacuation Pause)
[2024-06-15T16:26:32.546+0700][4.219s] GC(0) Using 4 workers of 4 for evacuation
[2024-06-15T16:26:32.551+0700][4.225s] GC(0)   Pre Evacuate Collection Set: 0.2ms
[2024-06-15T16:26:32.551+0700][4.225s] GC(0)   Merge Heap Roots: 0.4ms
[2024-06-15T16:26:32.551+0700][4.225s] GC(0)   Evacuate Collection Set: 3.1ms
[2024-06-15T16:26:32.551+0700][4.225s] GC(0)   Post Evacuate Collection Set: 0.9ms
[2024-06-15T16:26:32.551+0700][4.225s] GC(0)   Other: 1.2ms
[2024-06-15T16:26:32.551+0700][4.225s] GC(0) Eden regions: 25->0(30)
[2024-06-15T16:26:32.552+0700][4.225s] GC(0) Survivor regions: 0->4(4)
[2024-06-15T16:26:32.552+0700][4.225s] GC(0) Old regions: 0->0
[2024-06-15T16:26:32.552+0700][4.225s] GC(0) Archive regions: 0->0
[2024-06-15T16:26:32.552+0700][4.225s] GC(0) Humongous regions: 0->0
[2024-06-15T16:26:32.552+0700][4.225s] GC(0) Metaspace: 6547K(6784K)->6547K(6784K) NonClass: 5780K(5888K)->5780K(5888K) Class: 767K(896K)->767K(896K)
[2024-06-15T16:26:32.552+0700][4.226s] GC(0) Pause Young (Normal) (G1 Evacuation Pause) 25M->3M(512M) 6.525ms
[2024-06-15T16:26:32.552+0700][4.226s] GC(0) User=0.00s Sys=0.00s Real=0.01s
[2024-06-15T16:26:33.430+0700][5.104s] GC(1) Pause Young (Normal) (G1 Evacuation Pause)
[2024-06-15T16:26:33.430+0700][5.104s] GC(1) Using 4 workers of 4 for evacuation
[2024-06-15T16:26:33.442+0700][5.116s] GC(1)   Pre Evacuate Collection Set: 0.1ms
[2024-06-15T16:26:33.442+0700][5.116s] GC(1)   Merge Heap Roots: 0.0ms
[2024-06-15T16:26:33.442+0700][5.116s] GC(1)   Evacuate Collection Set: 11.2ms
[2024-06-15T16:26:33.442+0700][5.116s] GC(1)   Post Evacuate Collection Set: 0.6ms
[2024-06-15T16:26:33.442+0700][5.116s] GC(1)   Other: 0.2ms
[2024-06-15T16:26:33.442+0700][5.116s] GC(1) Eden regions: 29->0(71)
[2024-06-15T16:26:33.442+0700][5.116s] GC(1) Survivor regions: 4->5(5)
[2024-06-15T16:26:33.442+0700][5.116s] GC(1) Old regions: 0->8
[2024-06-15T16:26:33.442+0700][5.116s] GC(1) Archive regions: 0->0
[2024-06-15T16:26:33.442+0700][5.116s] GC(1) Humongous regions: 4->4
[2024-06-15T16:26:33.442+0700][5.116s] GC(1) Metaspace: 15615K(15936K)->15615K(15936K) NonClass: 13775K(13952K)->13775K(13952K) Class: 1839K(1984K)->1839K(1984K)
[2024-06-15T16:26:33.442+0700][5.116s] GC(1) Pause Young (Normal) (G1 Evacuation Pause) 36M->16M(512M) 12.405ms
[2024-06-15T16:26:33.442+0700][5.116s] GC(1) User=0.06s Sys=0.00s Real=0.01s
[2024-06-15T16:26:34.514+0700][6.187s] GC(2) Pause Young (Normal) (G1 Evacuation Pause)
[2024-06-15T16:26:34.514+0700][6.187s] GC(2) Using 4 workers of 4 for evacuation
[2024-06-15T16:26:34.522+0700][6.195s] GC(2)   Pre Evacuate Collection Set: 0.1ms
[2024-06-15T16:26:34.522+0700][6.195s] GC(2)   Merge Heap Roots: 0.1ms
[2024-06-15T16:26:34.522+0700][6.195s] GC(2)   Evacuate Collection Set: 7.2ms
[2024-06-15T16:26:34.522+0700][6.195s] GC(2)   Post Evacuate Collection Set: 0.4ms
[2024-06-15T16:26:34.522+0700][6.195s] GC(2)   Other: 0.3ms
[2024-06-15T16:26:34.522+0700][6.195s] GC(2) Eden regions: 61->0(72)
[2024-06-15T16:26:34.522+0700][6.195s] GC(2) Survivor regions: 5->4(9)
[2024-06-15T16:26:34.522+0700][6.195s] GC(2) Old regions: 8->14
[2024-06-15T16:26:34.522+0700][6.195s] GC(2) Archive regions: 0->0
[2024-06-15T16:26:34.522+0700][6.195s] GC(2) Humongous regions: 4->4
[2024-06-15T16:26:34.522+0700][6.195s] GC(2) Metaspace: 18513K(18816K)->18513K(18816K) NonClass: 16332K(16512K)->16332K(16512K) Class: 2180K(2304K)->2180K(2304K)
[2024-06-15T16:26:34.522+0700][6.196s] GC(2) Pause Young (Normal) (G1 Evacuation Pause) 77M->20M(512M) 8.231ms
[2024-06-15T16:26:34.522+0700][6.196s] GC(2) User=0.00s Sys=0.00s Real=0.01s
[2024-06-15T16:26:35.917+0700][7.591s] GC(3) Pause Young (Normal) (G1 Evacuation Pause)
[2024-06-15T16:26:35.917+0700][7.591s] GC(3) Using 4 workers of 4 for evacuation
[2024-06-15T16:26:35.921+0700][7.594s] GC(3)   Pre Evacuate Collection Set: 0.1ms
[2024-06-15T16:26:35.921+0700][7.594s] GC(3)   Merge Heap Roots: 0.0ms
[2024-06-15T16:26:35.921+0700][7.594s] GC(3)   Evacuate Collection Set: 2.8ms
[2024-06-15T16:26:35.921+0700][7.594s] GC(3)   Post Evacuate Collection Set: 0.4ms
[2024-06-15T16:26:35.921+0700][7.594s] GC(3)   Other: 0.2ms
[2024-06-15T16:26:35.921+0700][7.594s] GC(3) Eden regions: 72->0(156)
[2024-06-15T16:26:35.921+0700][7.595s] GC(3) Survivor regions: 4->7(10)
[2024-06-15T16:26:35.921+0700][7.595s] GC(3) Old regions: 14->14
[2024-06-15T16:26:35.921+0700][7.595s] GC(3) Archive regions: 0->0
[2024-06-15T16:26:35.921+0700][7.595s] GC(3) Humongous regions: 4->4
[2024-06-15T16:26:35.921+0700][7.595s] GC(3) Metaspace: 20657K(20992K)->20657K(20992K) NonClass: 18229K(18432K)->18229K(18432K) Class: 2428K(2560K)->2428K(2560K)
[2024-06-15T16:26:35.921+0700][7.595s] GC(3) Pause Young (Normal) (G1 Evacuation Pause) 92M->23M(512M) 3.700ms
[2024-06-15T16:26:35.921+0700][7.595s] GC(3) User=0.06s Sys=0.00s Real=0.00s
[2024-06-15T16:26:36.167+0700][7.840s] GC(4) Pause Young (Concurrent Start) (Metadata GC Threshold)
[2024-06-15T16:26:36.167+0700][7.840s] GC(4) Using 4 workers of 4 for evacuation
[2024-06-15T16:26:36.171+0700][7.845s] GC(4)   Pre Evacuate Collection Set: 0.1ms
[2024-06-15T16:26:36.171+0700][7.845s] GC(4)   Merge Heap Roots: 0.0ms
[2024-06-15T16:26:36.171+0700][7.845s] GC(4)   Evacuate Collection Set: 3.2ms
[2024-06-15T16:26:36.171+0700][7.845s] GC(4)   Post Evacuate Collection Set: 0.4ms
[2024-06-15T16:26:36.171+0700][7.845s] GC(4)   Other: 0.8ms
[2024-06-15T16:26:36.171+0700][7.845s] GC(4) Eden regions: 6->0(248)
[2024-06-15T16:26:36.171+0700][7.845s] GC(4) Survivor regions: 7->7(21)
[2024-06-15T16:26:36.171+0700][7.845s] GC(4) Old regions: 14->14
[2024-06-15T16:26:36.171+0700][7.845s] GC(4) Archive regions: 0->0
[2024-06-15T16:26:36.171+0700][7.845s] GC(4) Humongous regions: 4->4
[2024-06-15T16:26:36.171+0700][7.845s] GC(4) Metaspace: 21183K(21504K)->21183K(21504K) NonClass: 18686K(18880K)->18686K(18880K) Class: 2496K(2624K)->2496K(2624K)
[2024-06-15T16:26:36.171+0700][7.845s] GC(4) Pause Young (Concurrent Start) (Metadata GC Threshold) 29M->23M(512M) 4.732ms
[2024-06-15T16:26:36.171+0700][7.845s] GC(4) User=0.03s Sys=0.00s Real=0.00s
[2024-06-15T16:26:36.171+0700][7.845s] GC(5) Concurrent Mark Cycle
[2024-06-15T16:26:36.172+0700][7.845s] GC(5) Concurrent Clear Claimed Marks
[2024-06-15T16:26:36.172+0700][7.845s] GC(5) Concurrent Clear Claimed Marks 0.036ms
[2024-06-15T16:26:36.172+0700][7.845s] GC(5) Concurrent Scan Root Regions
[2024-06-15T16:26:36.174+0700][7.848s] GC(5) Concurrent Scan Root Regions 2.375ms
[2024-06-15T16:26:36.174+0700][7.848s] GC(5) Concurrent Mark
[2024-06-15T16:26:36.174+0700][7.848s] GC(5) Concurrent Mark From Roots
[2024-06-15T16:26:36.174+0700][7.848s] GC(5) Using 1 workers of 1 for marking
[2024-06-15T16:26:36.204+0700][7.877s] GC(5) Concurrent Mark From Roots 29.501ms
[2024-06-15T16:26:36.204+0700][7.877s] GC(5) Concurrent Preclean
[2024-06-15T16:26:36.204+0700][7.878s] GC(5) Concurrent Preclean 0.133ms
[2024-06-15T16:26:36.204+0700][7.878s] GC(5) Pause Remark
[2024-06-15T16:26:36.208+0700][7.882s] GC(5) Pause Remark 24M->24M(512M) 3.751ms
[2024-06-15T16:26:36.208+0700][7.882s] GC(5) User=0.00s Sys=0.00s Real=0.00s
[2024-06-15T16:26:36.208+0700][7.882s] GC(5) Concurrent Mark 33.999ms
[2024-06-15T16:26:36.208+0700][7.882s] GC(5) Concurrent Rebuild Remembered Sets
[2024-06-15T16:26:36.221+0700][7.894s] GC(5) Concurrent Rebuild Remembered Sets 12.434ms
[2024-06-15T16:26:36.221+0700][7.894s] GC(5) Pause Cleanup
[2024-06-15T16:26:36.221+0700][7.894s] GC(5) Pause Cleanup 24M->24M(512M) 0.124ms
[2024-06-15T16:26:36.221+0700][7.895s] GC(5) User=0.00s Sys=0.00s Real=0.00s
[2024-06-15T16:26:36.221+0700][7.895s] GC(5) Concurrent Cleanup for Next Mark
[2024-06-15T16:26:36.223+0700][7.897s] GC(5) Concurrent Cleanup for Next Mark 2.093ms
[2024-06-15T16:26:36.223+0700][7.897s] GC(5) Concurrent Mark Cycle 51.633ms
[2024-06-15T16:26:40.185+0700][11.859s] GC(6) Pause Young (Concurrent Start) (Metadata GC Threshold)
[2024-06-15T16:26:40.185+0700][11.859s] GC(6) Using 4 workers of 4 for evacuation
[2024-06-15T16:26:40.193+0700][11.867s] GC(6)   Pre Evacuate Collection Set: 0.1ms
[2024-06-15T16:26:40.193+0700][11.867s] GC(6)   Merge Heap Roots: 0.1ms
[2024-06-15T16:26:40.193+0700][11.867s] GC(6)   Evacuate Collection Set: 7.3ms
[2024-06-15T16:26:40.193+0700][11.867s] GC(6)   Post Evacuate Collection Set: 0.7ms
[2024-06-15T16:26:40.193+0700][11.867s] GC(6)   Other: 0.2ms
[2024-06-15T16:26:40.194+0700][11.867s] GC(6) Eden regions: 114->0(293)
[2024-06-15T16:26:40.194+0700][11.867s] GC(6) Survivor regions: 7->14(35)
[2024-06-15T16:26:40.194+0700][11.867s] GC(6) Old regions: 14->14
[2024-06-15T16:26:40.194+0700][11.867s] GC(6) Archive regions: 0->0
[2024-06-15T16:26:40.194+0700][11.867s] GC(6) Humongous regions: 5->4
[2024-06-15T16:26:40.194+0700][11.867s] GC(6) Metaspace: 35749K(36096K)->35749K(36096K) NonClass: 31461K(31616K)->31461K(31616K) Class: 4287K(4480K)->4287K(4480K)
[2024-06-15T16:26:40.194+0700][11.867s] GC(6) Pause Young (Concurrent Start) (Metadata GC Threshold) 138M->30M(512M) 8.593ms
[2024-06-15T16:26:40.194+0700][11.867s] GC(6) User=0.00s Sys=0.00s Real=0.01s
[2024-06-15T16:26:40.194+0700][11.867s] GC(7) Concurrent Mark Cycle
[2024-06-15T16:26:40.194+0700][11.867s] GC(7) Concurrent Clear Claimed Marks
[2024-06-15T16:26:40.194+0700][11.867s] GC(7) Concurrent Clear Claimed Marks 0.041ms
[2024-06-15T16:26:40.194+0700][11.867s] GC(7) Concurrent Scan Root Regions
[2024-06-15T16:26:40.200+0700][11.874s] GC(7) Concurrent Scan Root Regions 6.543ms
[2024-06-15T16:26:40.200+0700][11.874s] GC(7) Concurrent Mark
[2024-06-15T16:26:40.200+0700][11.874s] GC(7) Concurrent Mark From Roots
[2024-06-15T16:26:40.201+0700][11.874s] GC(7) Using 1 workers of 1 for marking
[2024-06-15T16:26:40.233+0700][11.907s] GC(7) Concurrent Mark From Roots 32.765ms
[2024-06-15T16:26:40.233+0700][11.907s] GC(7) Concurrent Preclean
[2024-06-15T16:26:40.233+0700][11.907s] GC(7) Concurrent Preclean 0.126ms
[2024-06-15T16:26:40.234+0700][11.907s] GC(7) Pause Remark
[2024-06-15T16:26:40.237+0700][11.910s] GC(7) Pause Remark 32M->32M(512M) 3.268ms
[2024-06-15T16:26:40.237+0700][11.910s] GC(7) User=0.00s Sys=0.00s Real=0.00s
[2024-06-15T16:26:40.237+0700][11.911s] GC(7) Concurrent Mark 36.631ms
[2024-06-15T16:26:40.237+0700][11.911s] GC(7) Concurrent Rebuild Remembered Sets
[2024-06-15T16:26:40.250+0700][11.923s] GC(7) Concurrent Rebuild Remembered Sets 12.486ms
[2024-06-15T16:26:40.258+0700][11.931s] GC(7) Pause Cleanup
[2024-06-15T16:26:40.258+0700][11.931s] GC(7) Pause Cleanup 32M->32M(512M) 0.142ms
[2024-06-15T16:26:40.258+0700][11.931s] GC(7) User=0.00s Sys=0.00s Real=0.00s
[2024-06-15T16:26:40.259+0700][11.932s] GC(7) Concurrent Cleanup for Next Mark
[2024-06-15T16:26:40.261+0700][11.934s] GC(7) Concurrent Cleanup for Next Mark 1.962ms
[2024-06-15T16:26:40.261+0700][11.934s] GC(7) Concurrent Mark Cycle 66.832ms
[2024-06-15T16:53:16.736+0700][1608.410s] GC(8) Pause Young (Normal) (G1 Evacuation Pause)
[2024-06-15T16:53:16.737+0700][1608.411s] GC(8) Using 4 workers of 4 for evacuation
[2024-06-15T16:53:17.488+0700][1609.162s] GC(8) MMU target violated: 251.0ms (250.0ms/251.0ms)
[2024-06-15T16:53:17.488+0700][1609.162s] GC(8)   Pre Evacuate Collection Set: 3.9ms
[2024-06-15T16:53:17.488+0700][1609.162s] GC(8)   Merge Heap Roots: 2.2ms
[2024-06-15T16:53:17.488+0700][1609.162s] GC(8)   Evacuate Collection Set: 738.2ms
[2024-06-15T16:53:17.488+0700][1609.162s] GC(8)   Post Evacuate Collection Set: 4.2ms
[2024-06-15T16:53:17.488+0700][1609.162s] GC(8)   Other: 5.4ms
[2024-06-15T16:53:17.488+0700][1609.162s] GC(8) Eden regions: 293->0(68)
[2024-06-15T16:53:17.488+0700][1609.162s] GC(8) Survivor regions: 14->33(39)
[2024-06-15T16:53:17.488+0700][1609.162s] GC(8) Old regions: 14->14
[2024-06-15T16:53:17.488+0700][1609.162s] GC(8) Archive regions: 0->0
[2024-06-15T16:53:17.488+0700][1609.162s] GC(8) Humongous regions: 5->4
[2024-06-15T16:53:17.488+0700][1609.162s] GC(8) Metaspace: 56280K(56768K)->56280K(56768K) NonClass: 49224K(49472K)->49224K(49472K) Class: 7055K(7296K)->7055K(7296K)
[2024-06-15T16:53:17.488+0700][1609.162s] GC(8) Pause Young (Normal) (G1 Evacuation Pause) 324M->49M(512M) 752.119ms
[2024-06-15T16:53:17.488+0700][1609.162s] GC(8) User=0.11s Sys=0.69s Real=0.75s
[2024-06-15T16:53:21.585+0700][1613.258s] GC(9) Pause Young (Normal) (G1 Evacuation Pause)
[2024-06-15T16:53:21.585+0700][1613.258s] GC(9) Using 4 workers of 4 for evacuation
[2024-06-15T16:53:21.628+0700][1613.301s] GC(9)   Pre Evacuate Collection Set: 0.1ms
[2024-06-15T16:53:21.628+0700][1613.301s] GC(9)   Merge Heap Roots: 0.1ms
[2024-06-15T16:53:21.628+0700][1613.301s] GC(9)   Evacuate Collection Set: 40.6ms
[2024-06-15T16:53:21.628+0700][1613.301s] GC(9)   Post Evacuate Collection Set: 1.2ms
[2024-06-15T16:53:21.628+0700][1613.301s] GC(9)   Other: 0.9ms
[2024-06-15T16:53:21.628+0700][1613.301s] GC(9) Eden regions: 68->0(263)
[2024-06-15T16:53:21.628+0700][1613.301s] GC(9) Survivor regions: 33->2(13)
[2024-06-15T16:53:21.628+0700][1613.301s] GC(9) Old regions: 14->45
[2024-06-15T16:53:21.628+0700][1613.301s] GC(9) Archive regions: 0->0
[2024-06-15T16:53:21.628+0700][1613.301s] GC(9) Humongous regions: 4->4
[2024-06-15T16:53:21.628+0700][1613.301s] GC(9) Metaspace: 56773K(57280K)->56773K(57280K) NonClass: 49694K(49920K)->49694K(49920K) Class: 7079K(7360K)->7079K(7360K)
[2024-06-15T16:53:21.628+0700][1613.301s] GC(9) Pause Young (Normal) (G1 Evacuation Pause) 117M->50M(512M) 42.585ms
[2024-06-15T16:53:21.628+0700][1613.301s] GC(9) User=0.16s Sys=0.00s Real=0.04s
