[2024-01-21T14:35:11.551+0700][0.028s] Using G1
[2024-01-21T14:35:11.955+0700][0.431s] Version: 17.0.9+11-LTS-201 (release)
[2024-01-21T14:35:11.955+0700][0.431s] CPUs: 4 total, 4 available
[2024-01-21T14:35:11.955+0700][0.431s] Memory: 8075M
[2024-01-21T14:35:11.955+0700][0.431s] Large Page Support: Disabled
[2024-01-21T14:35:11.955+0700][0.431s] NUMA Support: Disabled
[2024-01-21T14:35:11.955+0700][0.431s] Compressed Oops: Enabled (32-bit)
[2024-01-21T14:35:11.955+0700][0.431s] Heap Region Size: 1M
[2024-01-21T14:35:11.955+0700][0.431s] Heap Min Capacity: 512M
[2024-01-21T14:35:11.955+0700][0.431s] Heap Initial Capacity: 512M
[2024-01-21T14:35:11.955+0700][0.432s] Heap Max Capacity: 512M
[2024-01-21T14:35:11.955+0700][0.432s] Pre-touch: Enabled
[2024-01-21T14:35:11.955+0700][0.432s] Parallel Workers: 4
[2024-01-21T14:35:11.956+0700][0.432s] Concurrent Workers: 1
[2024-01-21T14:35:11.956+0700][0.432s] Concurrent Refinement Workers: 4
[2024-01-21T14:35:11.956+0700][0.432s] Periodic GC: Disabled
[2024-01-21T14:35:11.969+0700][0.445s] CDS archive(s) mapped at: [0x0000022b43000000-0x0000022b43bd0000-0x0000022b43bd0000), size 12386304, SharedBaseAddress: 0x0000022b43000000, ArchiveRelocationMode: 1.
[2024-01-21T14:35:11.969+0700][0.445s] Compressed class space mapped at: 0x0000022b44000000-0x0000022b84000000, reserved size: 1073741824
[2024-01-21T14:35:11.969+0700][0.445s] Narrow klass base: 0x0000022b43000000, Narrow klass shift: 0, Narrow klass range: 0x100000000
[2024-01-21T14:35:14.333+0700][2.809s] GC(0) Pause Young (Normal) (G1 Evacuation Pause)
[2024-01-21T14:35:14.334+0700][2.810s] GC(0) Using 4 workers of 4 for evacuation
[2024-01-21T14:35:14.339+0700][2.815s] GC(0)   Pre Evacuate Collection Set: 0.1ms
[2024-01-21T14:35:14.339+0700][2.815s] GC(0)   Merge Heap Roots: 0.1ms
[2024-01-21T14:35:14.339+0700][2.815s] GC(0)   Evacuate Collection Set: 4.7ms
[2024-01-21T14:35:14.339+0700][2.815s] GC(0)   Post Evacuate Collection Set: 0.4ms
[2024-01-21T14:35:14.339+0700][2.815s] GC(0)   Other: 0.4ms
[2024-01-21T14:35:14.339+0700][2.815s] GC(0) Eden regions: 25->0(30)
[2024-01-21T14:35:14.339+0700][2.815s] GC(0) Survivor regions: 0->4(4)
[2024-01-21T14:35:14.339+0700][2.815s] GC(0) Old regions: 0->0
[2024-01-21T14:35:14.339+0700][2.815s] GC(0) Archive regions: 0->0
[2024-01-21T14:35:14.339+0700][2.815s] GC(0) Humongous regions: 0->0
[2024-01-21T14:35:14.339+0700][2.815s] GC(0) Metaspace: 6631K(6848K)->6631K(6848K) NonClass: 5858K(5952K)->5858K(5952K) Class: 772K(896K)->772K(896K)
[2024-01-21T14:35:14.339+0700][2.815s] GC(0) Pause Young (Normal) (G1 Evacuation Pause) 25M->3M(512M) 5.940ms
[2024-01-21T14:35:14.339+0700][2.815s] GC(0) User=0.00s Sys=0.00s Real=0.01s
[2024-01-21T14:35:16.267+0700][4.743s] GC(1) Pause Young (Normal) (G1 Evacuation Pause)
[2024-01-21T14:35:16.267+0700][4.743s] GC(1) Using 4 workers of 4 for evacuation
[2024-01-21T14:35:16.279+0700][4.755s] GC(1)   Pre Evacuate Collection Set: 0.1ms
[2024-01-21T14:35:16.279+0700][4.755s] GC(1)   Merge Heap Roots: 0.0ms
[2024-01-21T14:35:16.279+0700][4.755s] GC(1)   Evacuate Collection Set: 11.4ms
[2024-01-21T14:35:16.279+0700][4.755s] GC(1)   Post Evacuate Collection Set: 0.6ms
[2024-01-21T14:35:16.279+0700][4.755s] GC(1)   Other: 0.2ms
[2024-01-21T14:35:16.279+0700][4.755s] GC(1) Eden regions: 29->0(64)
[2024-01-21T14:35:16.279+0700][4.755s] GC(1) Survivor regions: 4->5(5)
[2024-01-21T14:35:16.279+0700][4.755s] GC(1) Old regions: 0->8
[2024-01-21T14:35:16.279+0700][4.755s] GC(1) Archive regions: 0->0
[2024-01-21T14:35:16.279+0700][4.756s] GC(1) Humongous regions: 4->4
[2024-01-21T14:35:16.279+0700][4.756s] GC(1) Metaspace: 15705K(16000K)->15705K(16000K) NonClass: 13862K(14016K)->13862K(14016K) Class: 1843K(1984K)->1843K(1984K)
[2024-01-21T14:35:16.279+0700][4.756s] GC(1) Pause Young (Normal) (G1 Evacuation Pause) 36M->16M(512M) 12.576ms
[2024-01-21T14:35:16.279+0700][4.756s] GC(1) User=0.06s Sys=0.00s Real=0.01s
[2024-01-21T14:35:16.858+0700][5.334s] GC(2) Pause Young (Normal) (G1 Evacuation Pause)
[2024-01-21T14:35:16.858+0700][5.334s] GC(2) Using 4 workers of 4 for evacuation
[2024-01-21T14:35:16.865+0700][5.341s] GC(2)   Pre Evacuate Collection Set: 0.1ms
[2024-01-21T14:35:16.865+0700][5.341s] GC(2)   Merge Heap Roots: 0.1ms
[2024-01-21T14:35:16.865+0700][5.341s] GC(2)   Evacuate Collection Set: 6.7ms
[2024-01-21T14:35:16.865+0700][5.341s] GC(2)   Post Evacuate Collection Set: 0.3ms
[2024-01-21T14:35:16.865+0700][5.341s] GC(2)   Other: 0.2ms
[2024-01-21T14:35:16.865+0700][5.341s] GC(2) Eden regions: 55->0(66)
[2024-01-21T14:35:16.865+0700][5.341s] GC(2) Survivor regions: 5->4(8)
[2024-01-21T14:35:16.865+0700][5.341s] GC(2) Old regions: 8->14
[2024-01-21T14:35:16.865+0700][5.341s] GC(2) Archive regions: 0->0
[2024-01-21T14:35:16.865+0700][5.341s] GC(2) Humongous regions: 4->4
[2024-01-21T14:35:16.865+0700][5.341s] GC(2) Metaspace: 18542K(18816K)->18542K(18816K) NonClass: 16362K(16512K)->16362K(16512K) Class: 2179K(2304K)->2179K(2304K)
[2024-01-21T14:35:16.865+0700][5.342s] GC(2) Pause Young (Normal) (G1 Evacuation Pause) 71M->20M(512M) 7.637ms
[2024-01-21T14:35:16.865+0700][5.342s] GC(2) User=0.00s Sys=0.00s Real=0.01s
[2024-01-21T14:35:17.361+0700][5.838s] GC(3) Pause Young (Normal) (G1 Evacuation Pause)
[2024-01-21T14:35:17.361+0700][5.838s] GC(3) Using 4 workers of 4 for evacuation
[2024-01-21T14:35:17.366+0700][5.842s] GC(3)   Pre Evacuate Collection Set: 0.1ms
[2024-01-21T14:35:17.366+0700][5.842s] GC(3)   Merge Heap Roots: 0.1ms
[2024-01-21T14:35:17.366+0700][5.842s] GC(3)   Evacuate Collection Set: 3.3ms
[2024-01-21T14:35:17.366+0700][5.842s] GC(3)   Post Evacuate Collection Set: 0.6ms
[2024-01-21T14:35:17.366+0700][5.842s] GC(3)   Other: 0.2ms
[2024-01-21T14:35:17.366+0700][5.842s] GC(3) Eden regions: 66->0(130)
[2024-01-21T14:35:17.366+0700][5.842s] GC(3) Survivor regions: 4->7(9)
[2024-01-21T14:35:17.366+0700][5.842s] GC(3) Old regions: 14->14
[2024-01-21T14:35:17.366+0700][5.842s] GC(3) Archive regions: 0->0
[2024-01-21T14:35:17.366+0700][5.842s] GC(3) Humongous regions: 4->4
[2024-01-21T14:35:17.366+0700][5.842s] GC(3) Metaspace: 18778K(19136K)->18778K(19136K) NonClass: 16580K(16768K)->16580K(16768K) Class: 2198K(2368K)->2198K(2368K)
[2024-01-21T14:35:17.366+0700][5.842s] GC(3) Pause Young (Normal) (G1 Evacuation Pause) 86M->23M(512M) 4.455ms
[2024-01-21T14:35:17.366+0700][5.842s] GC(3) User=0.00s Sys=0.00s Real=0.00s
[2024-01-21T14:35:17.731+0700][6.207s] GC(4) Pause Young (Concurrent Start) (Metadata GC Threshold)
[2024-01-21T14:35:17.731+0700][6.207s] GC(4) Using 4 workers of 4 for evacuation
[2024-01-21T14:35:17.734+0700][6.210s] GC(4)   Pre Evacuate Collection Set: 0.1ms
[2024-01-21T14:35:17.734+0700][6.210s] GC(4)   Merge Heap Roots: 0.1ms
[2024-01-21T14:35:17.734+0700][6.210s] GC(4)   Evacuate Collection Set: 2.4ms
[2024-01-21T14:35:17.734+0700][6.210s] GC(4)   Post Evacuate Collection Set: 0.4ms
[2024-01-21T14:35:17.734+0700][6.210s] GC(4)   Other: 0.5ms
[2024-01-21T14:35:17.734+0700][6.210s] GC(4) Eden regions: 18->0(180)
[2024-01-21T14:35:17.734+0700][6.210s] GC(4) Survivor regions: 7->7(18)
[2024-01-21T14:35:17.734+0700][6.210s] GC(4) Old regions: 14->14
[2024-01-21T14:35:17.734+0700][6.210s] GC(4) Archive regions: 0->0
[2024-01-21T14:35:17.734+0700][6.210s] GC(4) Humongous regions: 4->4
[2024-01-21T14:35:17.734+0700][6.210s] GC(4) Metaspace: 21195K(21504K)->21195K(21504K) NonClass: 18698K(18880K)->18698K(18880K) Class: 2497K(2624K)->2497K(2624K)
[2024-01-21T14:35:17.734+0700][6.210s] GC(4) Pause Young (Concurrent Start) (Metadata GC Threshold) 41M->23M(512M) 3.712ms
[2024-01-21T14:35:17.734+0700][6.210s] GC(4) User=0.00s Sys=0.00s Real=0.00s
[2024-01-21T14:35:17.734+0700][6.211s] GC(5) Concurrent Mark Cycle
[2024-01-21T14:35:17.734+0700][6.211s] GC(5) Concurrent Clear Claimed Marks
[2024-01-21T14:35:17.734+0700][6.211s] GC(5) Concurrent Clear Claimed Marks 0.041ms
[2024-01-21T14:35:17.735+0700][6.211s] GC(5) Concurrent Scan Root Regions
[2024-01-21T14:35:17.737+0700][6.213s] GC(5) Concurrent Scan Root Regions 2.326ms
[2024-01-21T14:35:17.737+0700][6.213s] GC(5) Concurrent Mark
[2024-01-21T14:35:17.737+0700][6.213s] GC(5) Concurrent Mark From Roots
[2024-01-21T14:35:17.737+0700][6.213s] GC(5) Using 1 workers of 1 for marking
[2024-01-21T14:35:17.764+0700][6.240s] GC(5) Concurrent Mark From Roots 26.612ms
[2024-01-21T14:35:17.764+0700][6.240s] GC(5) Concurrent Preclean
[2024-01-21T14:35:17.764+0700][6.240s] GC(5) Concurrent Preclean 0.151ms
[2024-01-21T14:35:17.764+0700][6.240s] GC(5) Pause Remark
[2024-01-21T14:35:17.767+0700][6.243s] GC(5) Pause Remark 25M->25M(512M) 2.714ms
[2024-01-21T14:35:17.767+0700][6.243s] GC(5) User=0.00s Sys=0.00s Real=0.00s
[2024-01-21T14:35:17.767+0700][6.243s] GC(5) Concurrent Mark 29.930ms
[2024-01-21T14:35:17.767+0700][6.243s] GC(5) Concurrent Rebuild Remembered Sets
[2024-01-21T14:35:17.780+0700][6.256s] GC(5) Concurrent Rebuild Remembered Sets 13.169ms
[2024-01-21T14:35:17.780+0700][6.256s] GC(5) Pause Cleanup
[2024-01-21T14:35:17.780+0700][6.256s] GC(5) Pause Cleanup 25M->25M(512M) 0.120ms
[2024-01-21T14:35:17.780+0700][6.256s] GC(5) User=0.00s Sys=0.00s Real=0.00s
[2024-01-21T14:35:17.780+0700][6.257s] GC(5) Concurrent Cleanup for Next Mark
[2024-01-21T14:35:17.782+0700][6.258s] GC(5) Concurrent Cleanup for Next Mark 1.777ms
[2024-01-21T14:35:17.783+0700][6.258s] GC(5) Concurrent Mark Cycle 47.801ms
[2024-01-21T14:35:21.953+0700][10.429s] GC(6) Pause Young (Concurrent Start) (Metadata GC Threshold)
[2024-01-21T14:35:21.953+0700][10.429s] GC(6) Using 4 workers of 4 for evacuation
[2024-01-21T14:35:21.965+0700][10.441s] GC(6)   Pre Evacuate Collection Set: 0.1ms
[2024-01-21T14:35:21.965+0700][10.441s] GC(6)   Merge Heap Roots: 0.1ms
[2024-01-21T14:35:21.965+0700][10.441s] GC(6)   Evacuate Collection Set: 10.7ms
[2024-01-21T14:35:21.965+0700][10.441s] GC(6)   Post Evacuate Collection Set: 1.0ms
[2024-01-21T14:35:21.965+0700][10.441s] GC(6)   Other: 0.2ms
[2024-01-21T14:35:21.965+0700][10.441s] GC(6) Eden regions: 118->0(294)
[2024-01-21T14:35:21.965+0700][10.441s] GC(6) Survivor regions: 7->13(26)
[2024-01-21T14:35:21.965+0700][10.441s] GC(6) Old regions: 14->14
[2024-01-21T14:35:21.965+0700][10.441s] GC(6) Archive regions: 0->0
[2024-01-21T14:35:21.965+0700][10.441s] GC(6) Humongous regions: 5->4
[2024-01-21T14:35:21.965+0700][10.441s] GC(6) Metaspace: 35938K(36288K)->35938K(36288K) NonClass: 31631K(31808K)->31631K(31808K) Class: 4307K(4480K)->4307K(4480K)
[2024-01-21T14:35:21.965+0700][10.441s] GC(6) Pause Young (Concurrent Start) (Metadata GC Threshold) 142M->30M(512M) 12.315ms
[2024-01-21T14:35:21.965+0700][10.442s] GC(6) User=0.06s Sys=0.00s Real=0.01s
[2024-01-21T14:35:21.965+0700][10.442s] GC(7) Concurrent Mark Cycle
[2024-01-21T14:35:21.965+0700][10.442s] GC(7) Concurrent Clear Claimed Marks
[2024-01-21T14:35:21.965+0700][10.442s] GC(7) Concurrent Clear Claimed Marks 0.037ms
[2024-01-21T14:35:21.965+0700][10.442s] GC(7) Concurrent Scan Root Regions
[2024-01-21T14:35:21.972+0700][10.449s] GC(7) Concurrent Scan Root Regions 7.357ms
[2024-01-21T14:35:21.973+0700][10.449s] GC(7) Concurrent Mark
[2024-01-21T14:35:21.973+0700][10.449s] GC(7) Concurrent Mark From Roots
[2024-01-21T14:35:21.973+0700][10.449s] GC(7) Using 1 workers of 1 for marking
[2024-01-21T14:35:22.002+0700][10.478s] GC(7) Concurrent Mark From Roots 29.265ms
[2024-01-21T14:35:22.002+0700][10.478s] GC(7) Concurrent Preclean
[2024-01-21T14:35:22.002+0700][10.479s] GC(7) Concurrent Preclean 0.137ms
[2024-01-21T14:35:22.016+0700][10.492s] GC(7) Pause Remark
[2024-01-21T14:35:22.018+0700][10.495s] GC(7) Pause Remark 31M->31M(512M) 2.799ms
[2024-01-21T14:35:22.018+0700][10.495s] GC(7) User=0.00s Sys=0.00s Real=0.00s
[2024-01-21T14:35:22.020+0700][10.496s] GC(7) Concurrent Mark 47.042ms
[2024-01-21T14:35:22.020+0700][10.496s] GC(7) Concurrent Rebuild Remembered Sets
[2024-01-21T14:35:22.032+0700][10.509s] GC(7) Concurrent Rebuild Remembered Sets 12.464ms
[2024-01-21T14:35:22.033+0700][10.510s] GC(7) Pause Cleanup
[2024-01-21T14:35:22.033+0700][10.510s] GC(7) Pause Cleanup 31M->31M(512M) 0.153ms
[2024-01-21T14:35:22.033+0700][10.510s] GC(7) User=0.00s Sys=0.00s Real=0.00s
[2024-01-21T14:35:22.035+0700][10.511s] GC(7) Concurrent Cleanup for Next Mark
[2024-01-21T14:35:22.037+0700][10.513s] GC(7) Concurrent Cleanup for Next Mark 2.055ms
[2024-01-21T14:35:22.037+0700][10.513s] GC(7) Concurrent Mark Cycle 71.764ms
