[2024-01-02T15:33:16.421+0700][0.022s] Using G1
[2024-01-02T15:33:16.732+0700][0.333s] Version: 17.0.9+11-LTS-201 (release)
[2024-01-02T15:33:16.732+0700][0.333s] CPUs: 4 total, 4 available
[2024-01-02T15:33:16.732+0700][0.333s] Memory: 8075M
[2024-01-02T15:33:16.732+0700][0.333s] Large Page Support: Disabled
[2024-01-02T15:33:16.732+0700][0.333s] NUMA Support: Disabled
[2024-01-02T15:33:16.732+0700][0.333s] Compressed Oops: Enabled (32-bit)
[2024-01-02T15:33:16.732+0700][0.333s] Heap Region Size: 1M
[2024-01-02T15:33:16.732+0700][0.333s] Heap Min Capacity: 512M
[2024-01-02T15:33:16.732+0700][0.333s] Heap Initial Capacity: 512M
[2024-01-02T15:33:16.732+0700][0.333s] Heap Max Capacity: 512M
[2024-01-02T15:33:16.732+0700][0.333s] Pre-touch: Enabled
[2024-01-02T15:33:16.732+0700][0.333s] Parallel Workers: 4
[2024-01-02T15:33:16.732+0700][0.333s] Concurrent Workers: 1
[2024-01-02T15:33:16.732+0700][0.333s] Concurrent Refinement Workers: 4
[2024-01-02T15:33:16.732+0700][0.334s] Periodic GC: Disabled
[2024-01-02T15:33:16.744+0700][0.345s] CDS archive(s) mapped at: [0x0000020d00000000-0x0000020d00bd0000-0x0000020d00bd0000), size 12386304, SharedBaseAddress: 0x0000020d00000000, ArchiveRelocationMode: 1.
[2024-01-02T15:33:16.744+0700][0.345s] Compressed class space mapped at: 0x0000020d01000000-0x0000020d41000000, reserved size: 1073741824
[2024-01-02T15:33:16.744+0700][0.345s] Narrow klass base: 0x0000020d00000000, Narrow klass shift: 0, Narrow klass range: 0x100000000
[2024-01-02T15:33:20.078+0700][3.679s] GC(0) Pause Young (Normal) (G1 Evacuation Pause)
[2024-01-02T15:33:20.078+0700][3.680s] GC(0) Using 4 workers of 4 for evacuation
[2024-01-02T15:33:20.085+0700][3.686s] GC(0)   Pre Evacuate Collection Set: 0.1ms
[2024-01-02T15:33:20.085+0700][3.686s] GC(0)   Merge Heap Roots: 0.3ms
[2024-01-02T15:33:20.085+0700][3.686s] GC(0)   Evacuate Collection Set: 4.5ms
[2024-01-02T15:33:20.085+0700][3.686s] GC(0)   Post Evacuate Collection Set: 0.8ms
[2024-01-02T15:33:20.085+0700][3.686s] GC(0)   Other: 0.7ms
[2024-01-02T15:33:20.085+0700][3.686s] GC(0) Eden regions: 25->0(30)
[2024-01-02T15:33:20.085+0700][3.686s] GC(0) Survivor regions: 0->4(4)
[2024-01-02T15:33:20.085+0700][3.686s] GC(0) Old regions: 0->0
[2024-01-02T15:33:20.085+0700][3.686s] GC(0) Archive regions: 0->0
[2024-01-02T15:33:20.085+0700][3.686s] GC(0) Humongous regions: 0->0
[2024-01-02T15:33:20.085+0700][3.686s] GC(0) Metaspace: 6587K(6848K)->6587K(6848K) NonClass: 5815K(5952K)->5815K(5952K) Class: 771K(896K)->771K(896K)
[2024-01-02T15:33:20.085+0700][3.687s] GC(0) Pause Young (Normal) (G1 Evacuation Pause) 25M->3M(512M) 7.248ms
[2024-01-02T15:33:20.085+0700][3.687s] GC(0) User=0.06s Sys=0.00s Real=0.01s
[2024-01-02T15:33:21.106+0700][4.707s] GC(1) Pause Young (Normal) (G1 Evacuation Pause)
[2024-01-02T15:33:21.106+0700][4.707s] GC(1) Using 4 workers of 4 for evacuation
[2024-01-02T15:33:21.117+0700][4.718s] GC(1)   Pre Evacuate Collection Set: 0.1ms
[2024-01-02T15:33:21.117+0700][4.718s] GC(1)   Merge Heap Roots: 0.0ms
[2024-01-02T15:33:21.117+0700][4.718s] GC(1)   Evacuate Collection Set: 9.4ms
[2024-01-02T15:33:21.117+0700][4.718s] GC(1)   Post Evacuate Collection Set: 0.6ms
[2024-01-02T15:33:21.117+0700][4.718s] GC(1)   Other: 0.2ms
[2024-01-02T15:33:21.117+0700][4.718s] GC(1) Eden regions: 29->0(64)
[2024-01-02T15:33:21.117+0700][4.718s] GC(1) Survivor regions: 4->5(5)
[2024-01-02T15:33:21.117+0700][4.718s] GC(1) Old regions: 0->9
[2024-01-02T15:33:21.117+0700][4.718s] GC(1) Archive regions: 0->0
[2024-01-02T15:33:21.117+0700][4.718s] GC(1) Humongous regions: 4->4
[2024-01-02T15:33:21.117+0700][4.718s] GC(1) Metaspace: 15699K(16000K)->15699K(16000K) NonClass: 13846K(14016K)->13846K(14016K) Class: 1852K(1984K)->1852K(1984K)
[2024-01-02T15:33:21.117+0700][4.718s] GC(1) Pause Young (Normal) (G1 Evacuation Pause) 36M->17M(512M) 10.563ms
[2024-01-02T15:33:21.117+0700][4.718s] GC(1) User=0.05s Sys=0.00s Real=0.01s
[2024-01-02T15:33:22.409+0700][6.011s] GC(2) Pause Young (Normal) (G1 Evacuation Pause)
[2024-01-02T15:33:22.409+0700][6.011s] GC(2) Using 4 workers of 4 for evacuation
[2024-01-02T15:33:22.415+0700][6.016s] GC(2)   Pre Evacuate Collection Set: 0.1ms
[2024-01-02T15:33:22.415+0700][6.016s] GC(2)   Merge Heap Roots: 0.1ms
[2024-01-02T15:33:22.415+0700][6.017s] GC(2)   Evacuate Collection Set: 4.3ms
[2024-01-02T15:33:22.415+0700][6.017s] GC(2)   Post Evacuate Collection Set: 0.4ms
[2024-01-02T15:33:22.415+0700][6.017s] GC(2)   Other: 0.3ms
[2024-01-02T15:33:22.415+0700][6.017s] GC(2) Eden regions: 55->0(97)
[2024-01-02T15:33:22.415+0700][6.017s] GC(2) Survivor regions: 5->3(8)
[2024-01-02T15:33:22.415+0700][6.017s] GC(2) Old regions: 9->14
[2024-01-02T15:33:22.415+0700][6.017s] GC(2) Archive regions: 0->0
[2024-01-02T15:33:22.415+0700][6.017s] GC(2) Humongous regions: 4->4
[2024-01-02T15:33:22.415+0700][6.017s] GC(2) Metaspace: 18514K(18816K)->18514K(18816K) NonClass: 16334K(16512K)->16334K(16512K) Class: 2180K(2304K)->2180K(2304K)
[2024-01-02T15:33:22.415+0700][6.017s] GC(2) Pause Young (Normal) (G1 Evacuation Pause) 72M->20M(512M) 5.476ms
[2024-01-02T15:33:22.415+0700][6.017s] GC(2) User=0.00s Sys=0.00s Real=0.01s
[2024-01-02T15:33:23.368+0700][6.969s] GC(3) Pause Young (Concurrent Start) (Metadata GC Threshold)
[2024-01-02T15:33:23.368+0700][6.969s] GC(3) Using 4 workers of 4 for evacuation
[2024-01-02T15:33:23.373+0700][6.974s] GC(3)   Pre Evacuate Collection Set: 0.1ms
[2024-01-02T15:33:23.373+0700][6.974s] GC(3)   Merge Heap Roots: 0.1ms
[2024-01-02T15:33:23.373+0700][6.974s] GC(3)   Evacuate Collection Set: 3.9ms
[2024-01-02T15:33:23.373+0700][6.974s] GC(3)   Post Evacuate Collection Set: 0.4ms
[2024-01-02T15:33:23.373+0700][6.974s] GC(3)   Other: 0.5ms
[2024-01-02T15:33:23.373+0700][6.974s] GC(3) Eden regions: 82->0(300)
[2024-01-02T15:33:23.373+0700][6.974s] GC(3) Survivor regions: 3->7(13)
[2024-01-02T15:33:23.373+0700][6.974s] GC(3) Old regions: 14->14
[2024-01-02T15:33:23.373+0700][6.974s] GC(3) Archive regions: 0->0
[2024-01-02T15:33:23.373+0700][6.974s] GC(3) Humongous regions: 4->4
[2024-01-02T15:33:23.373+0700][6.974s] GC(3) Metaspace: 21198K(21504K)->21198K(21504K) NonClass: 18700K(18880K)->18700K(18880K) Class: 2497K(2624K)->2497K(2624K)
[2024-01-02T15:33:23.373+0700][6.974s] GC(3) Pause Young (Concurrent Start) (Metadata GC Threshold) 102M->23M(512M) 5.277ms
[2024-01-02T15:33:23.373+0700][6.974s] GC(3) User=0.00s Sys=0.00s Real=0.00s
[2024-01-02T15:33:23.373+0700][6.975s] GC(4) Concurrent Mark Cycle
[2024-01-02T15:33:23.373+0700][6.975s] GC(4) Concurrent Clear Claimed Marks
[2024-01-02T15:33:23.373+0700][6.975s] GC(4) Concurrent Clear Claimed Marks 0.034ms
[2024-01-02T15:33:23.373+0700][6.975s] GC(4) Concurrent Scan Root Regions
[2024-01-02T15:33:23.375+0700][6.977s] GC(4) Concurrent Scan Root Regions 2.295ms
[2024-01-02T15:33:23.375+0700][6.977s] GC(4) Concurrent Mark
[2024-01-02T15:33:23.375+0700][6.977s] GC(4) Concurrent Mark From Roots
[2024-01-02T15:33:23.375+0700][6.977s] GC(4) Using 1 workers of 1 for marking
[2024-01-02T15:33:23.402+0700][7.004s] GC(4) Concurrent Mark From Roots 27.065ms
[2024-01-02T15:33:23.402+0700][7.004s] GC(4) Concurrent Preclean
[2024-01-02T15:33:23.402+0700][7.004s] GC(4) Concurrent Preclean 0.139ms
[2024-01-02T15:33:23.403+0700][7.004s] GC(4) Pause Remark
[2024-01-02T15:33:23.406+0700][7.007s] GC(4) Pause Remark 25M->25M(512M) 2.973ms
[2024-01-02T15:33:23.406+0700][7.007s] GC(4) User=0.00s Sys=0.00s Real=0.00s
[2024-01-02T15:33:23.406+0700][7.008s] GC(4) Concurrent Mark 30.576ms
[2024-01-02T15:33:23.406+0700][7.008s] GC(4) Concurrent Rebuild Remembered Sets
[2024-01-02T15:33:23.418+0700][7.020s] GC(4) Concurrent Rebuild Remembered Sets 12.259ms
[2024-01-02T15:33:23.418+0700][7.020s] GC(4) Pause Cleanup
[2024-01-02T15:33:23.419+0700][7.020s] GC(4) Pause Cleanup 25M->25M(512M) 0.111ms
[2024-01-02T15:33:23.419+0700][7.020s] GC(4) User=0.00s Sys=0.00s Real=0.00s
[2024-01-02T15:33:23.419+0700][7.020s] GC(4) Concurrent Cleanup for Next Mark
[2024-01-02T15:33:23.420+0700][7.022s] GC(4) Concurrent Cleanup for Next Mark 1.689ms
[2024-01-02T15:33:23.420+0700][7.022s] GC(4) Concurrent Mark Cycle 47.441ms
[2024-01-02T15:33:28.703+0700][12.304s] GC(5) Pause Young (Concurrent Start) (Metadata GC Threshold)
[2024-01-02T15:33:28.703+0700][12.304s] GC(5) Using 4 workers of 4 for evacuation
[2024-01-02T15:33:28.712+0700][12.313s] GC(5)   Pre Evacuate Collection Set: 0.1ms
[2024-01-02T15:33:28.712+0700][12.313s] GC(5)   Merge Heap Roots: 0.1ms
[2024-01-02T15:33:28.712+0700][12.313s] GC(5)   Evacuate Collection Set: 7.8ms
[2024-01-02T15:33:28.712+0700][12.313s] GC(5)   Post Evacuate Collection Set: 0.8ms
[2024-01-02T15:33:28.712+0700][12.313s] GC(5)   Other: 0.2ms
[2024-01-02T15:33:28.712+0700][12.313s] GC(5) Eden regions: 111->0(294)
[2024-01-02T15:33:28.712+0700][12.313s] GC(5) Survivor regions: 7->13(39)
[2024-01-02T15:33:28.712+0700][12.313s] GC(5) Old regions: 14->14
[2024-01-02T15:33:28.712+0700][12.313s] GC(5) Archive regions: 0->0
[2024-01-02T15:33:28.712+0700][12.313s] GC(5) Humongous regions: 5->4
[2024-01-02T15:33:28.712+0700][12.313s] GC(5) Metaspace: 35965K(36288K)->35965K(36288K) NonClass: 31655K(31808K)->31655K(31808K) Class: 4309K(4480K)->4309K(4480K)
[2024-01-02T15:33:28.712+0700][12.313s] GC(5) Pause Young (Concurrent Start) (Metadata GC Threshold) 135M->29M(512M) 9.253ms
[2024-01-02T15:33:28.712+0700][12.313s] GC(5) User=0.06s Sys=0.00s Real=0.01s
[2024-01-02T15:33:28.712+0700][12.313s] GC(6) Concurrent Mark Cycle
[2024-01-02T15:33:28.712+0700][12.314s] GC(6) Concurrent Clear Claimed Marks
[2024-01-02T15:33:28.712+0700][12.314s] GC(6) Concurrent Clear Claimed Marks 0.038ms
[2024-01-02T15:33:28.712+0700][12.314s] GC(6) Concurrent Scan Root Regions
[2024-01-02T15:33:28.719+0700][12.321s] GC(6) Concurrent Scan Root Regions 6.960ms
[2024-01-02T15:33:28.720+0700][12.321s] GC(6) Concurrent Mark
[2024-01-02T15:33:28.720+0700][12.321s] GC(6) Concurrent Mark From Roots
[2024-01-02T15:33:28.720+0700][12.321s] GC(6) Using 1 workers of 1 for marking
[2024-01-02T15:33:28.747+0700][12.349s] GC(6) Concurrent Mark From Roots 27.927ms
[2024-01-02T15:33:28.747+0700][12.349s] GC(6) Concurrent Preclean
[2024-01-02T15:33:28.748+0700][12.349s] GC(6) Concurrent Preclean 0.205ms
[2024-01-02T15:33:28.748+0700][12.349s] GC(6) Pause Remark
[2024-01-02T15:33:28.753+0700][12.354s] GC(6) Pause Remark 35M->35M(512M) 4.863ms
[2024-01-02T15:33:28.753+0700][12.354s] GC(6) User=0.05s Sys=0.00s Real=0.01s
[2024-01-02T15:33:28.753+0700][12.355s] GC(6) Concurrent Mark 33.969ms
[2024-01-02T15:33:28.753+0700][12.355s] GC(6) Concurrent Rebuild Remembered Sets
[2024-01-02T15:33:28.766+0700][12.367s] GC(6) Concurrent Rebuild Remembered Sets 12.261ms
[2024-01-02T15:33:28.766+0700][12.367s] GC(6) Pause Cleanup
[2024-01-02T15:33:28.766+0700][12.367s] GC(6) Pause Cleanup 36M->36M(512M) 0.172ms
[2024-01-02T15:33:28.766+0700][12.367s] GC(6) User=0.00s Sys=0.00s Real=0.00s
[2024-01-02T15:33:28.767+0700][12.368s] GC(6) Concurrent Cleanup for Next Mark
[2024-01-02T15:33:28.769+0700][12.370s] GC(6) Concurrent Cleanup for Next Mark 1.957ms
[2024-01-02T15:33:28.769+0700][12.370s] GC(6) Concurrent Mark Cycle 56.456ms
[2024-01-02T15:33:49.395+0700][32.996s] GC(7) Pause Young (Normal) (G1 Evacuation Pause)
[2024-01-02T15:33:49.395+0700][32.996s] GC(7) Using 4 workers of 4 for evacuation
[2024-01-02T15:33:49.420+0700][33.022s] GC(7)   Pre Evacuate Collection Set: 0.2ms
[2024-01-02T15:33:49.420+0700][33.022s] GC(7)   Merge Heap Roots: 0.1ms
[2024-01-02T15:33:49.421+0700][33.022s] GC(7)   Evacuate Collection Set: 22.4ms
[2024-01-02T15:33:49.421+0700][33.022s] GC(7)   Post Evacuate Collection Set: 2.2ms
[2024-01-02T15:33:49.421+0700][33.022s] GC(7)   Other: 0.5ms
[2024-01-02T15:33:49.421+0700][33.022s] GC(7) Eden regions: 294->0(273)
[2024-01-02T15:33:49.421+0700][33.022s] GC(7) Survivor regions: 13->31(39)
[2024-01-02T15:33:49.421+0700][33.022s] GC(7) Old regions: 14->14
[2024-01-02T15:33:49.421+0700][33.022s] GC(7) Archive regions: 0->0
[2024-01-02T15:33:49.421+0700][33.022s] GC(7) Humongous regions: 5->4
[2024-01-02T15:33:49.421+0700][33.022s] GC(7) Metaspace: 55979K(56448K)->55979K(56448K) NonClass: 48971K(49216K)->48971K(49216K) Class: 7007K(7232K)->7007K(7232K)
[2024-01-02T15:33:49.421+0700][33.022s] GC(7) Pause Young (Normal) (G1 Evacuation Pause) 324M->48M(512M) 25.799ms
[2024-01-02T15:33:49.421+0700][33.022s] GC(7) User=0.05s Sys=0.00s Real=0.03s
[2024-01-02T17:00:15.762+0700][5219.364s] GC(8) Pause Young (Concurrent Start) (Metadata GC Threshold)
[2024-01-02T17:00:15.763+0700][5219.365s] GC(8) Using 4 workers of 4 for evacuation
[2024-01-02T17:00:15.963+0700][5219.565s] GC(8)   Pre Evacuate Collection Set: 1.1ms
[2024-01-02T17:00:15.963+0700][5219.565s] GC(8)   Merge Heap Roots: 1.1ms
[2024-01-02T17:00:15.963+0700][5219.565s] GC(8)   Evacuate Collection Set: 190.6ms
[2024-01-02T17:00:15.963+0700][5219.565s] GC(8)   Post Evacuate Collection Set: 4.0ms
[2024-01-02T17:00:15.963+0700][5219.565s] GC(8)   Other: 5.4ms
[2024-01-02T17:00:15.963+0700][5219.565s] GC(8) Eden regions: 195->0(227)
[2024-01-02T17:00:15.963+0700][5219.565s] GC(8) Survivor regions: 31->21(38)
[2024-01-02T17:00:15.963+0700][5219.565s] GC(8) Old regions: 14->26
[2024-01-02T17:00:15.963+0700][5219.565s] GC(8) Archive regions: 0->0
[2024-01-02T17:00:15.963+0700][5219.565s] GC(8) Humongous regions: 4->4
[2024-01-02T17:00:15.964+0700][5219.565s] GC(8) Metaspace: 60145K(60800K)->60145K(60800K) NonClass: 52732K(53056K)->52732K(53056K) Class: 7412K(7744K)->7412K(7744K)
[2024-01-02T17:00:15.964+0700][5219.566s] GC(8) Pause Young (Concurrent Start) (Metadata GC Threshold) 243M->49M(512M) 201.607ms
[2024-01-02T17:00:15.964+0700][5219.566s] GC(8) User=0.09s Sys=0.25s Real=0.20s
[2024-01-02T17:00:15.964+0700][5219.566s] GC(9) Concurrent Mark Cycle
[2024-01-02T17:00:15.964+0700][5219.566s] GC(9) Concurrent Clear Claimed Marks
[2024-01-02T17:00:15.964+0700][5219.566s] GC(9) Concurrent Clear Claimed Marks 0.075ms
[2024-01-02T17:00:15.964+0700][5219.566s] GC(9) Concurrent Scan Root Regions
[2024-01-02T17:00:16.002+0700][5219.604s] GC(9) Concurrent Scan Root Regions 37.879ms
[2024-01-02T17:00:16.002+0700][5219.604s] GC(9) Concurrent Mark
[2024-01-02T17:00:16.002+0700][5219.604s] GC(9) Concurrent Mark From Roots
[2024-01-02T17:00:16.002+0700][5219.604s] GC(9) Using 1 workers of 1 for marking
[2024-01-02T17:00:16.069+0700][5219.671s] GC(9) Concurrent Mark From Roots 66.758ms
[2024-01-02T17:00:16.069+0700][5219.671s] GC(9) Concurrent Preclean
[2024-01-02T17:00:16.069+0700][5219.671s] GC(9) Concurrent Preclean 0.329ms
[2024-01-02T17:00:16.070+0700][5219.671s] GC(9) Pause Remark
[2024-01-02T17:00:16.130+0700][5219.732s] GC(9) Pause Remark 52M->52M(512M) 60.565ms
[2024-01-02T17:00:16.130+0700][5219.732s] GC(9) User=0.00s Sys=0.06s Real=0.06s
[2024-01-02T17:00:16.130+0700][5219.732s] GC(9) Concurrent Mark 128.092ms
[2024-01-02T17:00:16.130+0700][5219.732s] GC(9) Concurrent Rebuild Remembered Sets
[2024-01-02T17:00:16.149+0700][5219.750s] GC(9) Concurrent Rebuild Remembered Sets 18.359ms
[2024-01-02T17:00:16.149+0700][5219.751s] GC(9) Pause Cleanup
[2024-01-02T17:00:16.149+0700][5219.751s] GC(9) Pause Cleanup 52M->52M(512M) 0.111ms
[2024-01-02T17:00:16.149+0700][5219.751s] GC(9) User=0.00s Sys=0.00s Real=0.00s
[2024-01-02T17:00:16.149+0700][5219.751s] GC(9) Concurrent Cleanup for Next Mark
[2024-01-02T17:00:16.156+0700][5219.758s] GC(9) Concurrent Cleanup for Next Mark 6.766ms
[2024-01-02T17:00:16.156+0700][5219.758s] GC(9) Concurrent Mark Cycle 192.002ms
