[2024-01-21T20:06:20.456+0700][0.028s] Using G1
[2024-01-21T20:06:20.796+0700][0.367s] Version: 17.0.9+11-LTS-201 (release)
[2024-01-21T20:06:20.797+0700][0.368s] CPUs: 4 total, 4 available
[2024-01-21T20:06:20.797+0700][0.368s] Memory: 8075M
[2024-01-21T20:06:20.797+0700][0.368s] Large Page Support: Disabled
[2024-01-21T20:06:20.797+0700][0.368s] NUMA Support: Disabled
[2024-01-21T20:06:20.797+0700][0.368s] Compressed Oops: Enabled (32-bit)
[2024-01-21T20:06:20.797+0700][0.368s] Heap Region Size: 1M
[2024-01-21T20:06:20.797+0700][0.368s] Heap Min Capacity: 512M
[2024-01-21T20:06:20.797+0700][0.368s] Heap Initial Capacity: 512M
[2024-01-21T20:06:20.797+0700][0.368s] Heap Max Capacity: 512M
[2024-01-21T20:06:20.797+0700][0.368s] Pre-touch: Enabled
[2024-01-21T20:06:20.797+0700][0.368s] Parallel Workers: 4
[2024-01-21T20:06:20.797+0700][0.368s] Concurrent Workers: 1
[2024-01-21T20:06:20.797+0700][0.368s] Concurrent Refinement Workers: 4
[2024-01-21T20:06:20.797+0700][0.368s] Periodic GC: Disabled
[2024-01-21T20:06:20.809+0700][0.380s] CDS archive(s) mapped at: [0x00000210c5000000-0x00000210c5bd0000-0x00000210c5bd0000), size 12386304, SharedBaseAddress: 0x00000210c5000000, ArchiveRelocationMode: 1.
[2024-01-21T20:06:20.809+0700][0.380s] Compressed class space mapped at: 0x00000210c6000000-0x0000021106000000, reserved size: 1073741824
[2024-01-21T20:06:20.809+0700][0.380s] Narrow klass base: 0x00000210c5000000, Narrow klass shift: 0, Narrow klass range: 0x100000000
[2024-01-21T20:06:24.140+0700][3.711s] GC(0) Pause Young (Normal) (G1 Evacuation Pause)
[2024-01-21T20:06:24.141+0700][3.712s] GC(0) Using 4 workers of 4 for evacuation
[2024-01-21T20:06:24.146+0700][3.717s] GC(0)   Pre Evacuate Collection Set: 0.1ms
[2024-01-21T20:06:24.146+0700][3.717s] GC(0)   Merge Heap Roots: 0.3ms
[2024-01-21T20:06:24.146+0700][3.717s] GC(0)   Evacuate Collection Set: 3.9ms
[2024-01-21T20:06:24.146+0700][3.717s] GC(0)   Post Evacuate Collection Set: 0.5ms
[2024-01-21T20:06:24.146+0700][3.717s] GC(0)   Other: 0.6ms
[2024-01-21T20:06:24.146+0700][3.717s] GC(0) Eden regions: 25->0(30)
[2024-01-21T20:06:24.146+0700][3.717s] GC(0) Survivor regions: 0->4(4)
[2024-01-21T20:06:24.146+0700][3.717s] GC(0) Old regions: 0->0
[2024-01-21T20:06:24.146+0700][3.717s] GC(0) Archive regions: 0->0
[2024-01-21T20:06:24.146+0700][3.717s] GC(0) Humongous regions: 0->0
[2024-01-21T20:06:24.146+0700][3.717s] GC(0) Metaspace: 6587K(6848K)->6587K(6848K) NonClass: 5818K(5952K)->5818K(5952K) Class: 769K(896K)->769K(896K)
[2024-01-21T20:06:24.147+0700][3.718s] GC(0) Pause Young (Normal) (G1 Evacuation Pause) 25M->3M(512M) 6.192ms
[2024-01-21T20:06:24.147+0700][3.718s] GC(0) User=0.00s Sys=0.00s Real=0.01s
[2024-01-21T20:06:25.163+0700][4.734s] GC(1) Pause Young (Normal) (G1 Evacuation Pause)
[2024-01-21T20:06:25.163+0700][4.734s] GC(1) Using 4 workers of 4 for evacuation
[2024-01-21T20:06:25.173+0700][4.744s] GC(1)   Pre Evacuate Collection Set: 0.1ms
[2024-01-21T20:06:25.173+0700][4.744s] GC(1)   Merge Heap Roots: 0.0ms
[2024-01-21T20:06:25.173+0700][4.744s] GC(1)   Evacuate Collection Set: 9.0ms
[2024-01-21T20:06:25.173+0700][4.744s] GC(1)   Post Evacuate Collection Set: 0.5ms
[2024-01-21T20:06:25.173+0700][4.744s] GC(1)   Other: 0.2ms
[2024-01-21T20:06:25.173+0700][4.744s] GC(1) Eden regions: 29->0(72)
[2024-01-21T20:06:25.173+0700][4.744s] GC(1) Survivor regions: 4->5(5)
[2024-01-21T20:06:25.173+0700][4.744s] GC(1) Old regions: 0->8
[2024-01-21T20:06:25.173+0700][4.744s] GC(1) Archive regions: 0->0
[2024-01-21T20:06:25.173+0700][4.744s] GC(1) Humongous regions: 4->4
[2024-01-21T20:06:25.173+0700][4.744s] GC(1) Metaspace: 15632K(15936K)->15632K(15936K) NonClass: 13793K(13952K)->13793K(13952K) Class: 1839K(1984K)->1839K(1984K)
[2024-01-21T20:06:25.173+0700][4.744s] GC(1) Pause Young (Normal) (G1 Evacuation Pause) 36M->16M(512M) 10.122ms
[2024-01-21T20:06:25.173+0700][4.744s] GC(1) User=0.06s Sys=0.00s Real=0.01s
[2024-01-21T20:06:26.372+0700][5.944s] GC(2) Pause Young (Normal) (G1 Evacuation Pause)
[2024-01-21T20:06:26.372+0700][5.944s] GC(2) Using 4 workers of 4 for evacuation
[2024-01-21T20:06:26.379+0700][5.950s] GC(2)   Pre Evacuate Collection Set: 0.1ms
[2024-01-21T20:06:26.379+0700][5.950s] GC(2)   Merge Heap Roots: 0.1ms
[2024-01-21T20:06:26.379+0700][5.950s] GC(2)   Evacuate Collection Set: 5.2ms
[2024-01-21T20:06:26.379+0700][5.950s] GC(2)   Post Evacuate Collection Set: 0.6ms
[2024-01-21T20:06:26.379+0700][5.950s] GC(2)   Other: 0.3ms
[2024-01-21T20:06:26.379+0700][5.950s] GC(2) Eden regions: 59->0(114)
[2024-01-21T20:06:26.379+0700][5.950s] GC(2) Survivor regions: 5->4(8)
[2024-01-21T20:06:26.379+0700][5.950s] GC(2) Old regions: 8->14
[2024-01-21T20:06:26.379+0700][5.950s] GC(2) Archive regions: 0->0
[2024-01-21T20:06:26.379+0700][5.950s] GC(2) Humongous regions: 4->4
[2024-01-21T20:06:26.379+0700][5.950s] GC(2) Metaspace: 18531K(18816K)->18531K(18816K) NonClass: 16351K(16512K)->16351K(16512K) Class: 2179K(2304K)->2179K(2304K)
[2024-01-21T20:06:26.379+0700][5.950s] GC(2) Pause Young (Normal) (G1 Evacuation Pause) 75M->21M(512M) 6.487ms
[2024-01-21T20:06:26.379+0700][5.950s] GC(2) User=0.00s Sys=0.00s Real=0.01s
[2024-01-21T20:06:27.409+0700][6.981s] GC(3) Pause Young (Concurrent Start) (Metadata GC Threshold)
[2024-01-21T20:06:27.409+0700][6.981s] GC(3) Using 4 workers of 4 for evacuation
[2024-01-21T20:06:27.414+0700][6.985s] GC(3)   Pre Evacuate Collection Set: 0.1ms
[2024-01-21T20:06:27.414+0700][6.985s] GC(3)   Merge Heap Roots: 0.1ms
[2024-01-21T20:06:27.414+0700][6.985s] GC(3)   Evacuate Collection Set: 3.0ms
[2024-01-21T20:06:27.414+0700][6.985s] GC(3)   Post Evacuate Collection Set: 0.4ms
[2024-01-21T20:06:27.414+0700][6.985s] GC(3)   Other: 0.6ms
[2024-01-21T20:06:27.414+0700][6.985s] GC(3) Eden regions: 81->0(154)
[2024-01-21T20:06:27.414+0700][6.985s] GC(3) Survivor regions: 4->7(15)
[2024-01-21T20:06:27.414+0700][6.985s] GC(3) Old regions: 14->14
[2024-01-21T20:06:27.414+0700][6.985s] GC(3) Archive regions: 0->0
[2024-01-21T20:06:27.414+0700][6.985s] GC(3) Humongous regions: 4->4
[2024-01-21T20:06:27.414+0700][6.985s] GC(3) Metaspace: 21204K(21504K)->21204K(21504K) NonClass: 18704K(18816K)->18704K(18816K) Class: 2500K(2688K)->2500K(2688K)
[2024-01-21T20:06:27.414+0700][6.985s] GC(3) Pause Young (Concurrent Start) (Metadata GC Threshold) 101M->23M(512M) 4.453ms
[2024-01-21T20:06:27.414+0700][6.985s] GC(3) User=0.00s Sys=0.00s Real=0.01s
[2024-01-21T20:06:27.414+0700][6.985s] GC(4) Concurrent Mark Cycle
[2024-01-21T20:06:27.414+0700][6.985s] GC(4) Concurrent Clear Claimed Marks
[2024-01-21T20:06:27.414+0700][6.985s] GC(4) Concurrent Clear Claimed Marks 0.034ms
[2024-01-21T20:06:27.414+0700][6.985s] GC(4) Concurrent Scan Root Regions
[2024-01-21T20:06:27.417+0700][6.987s] GC(4) Concurrent Scan Root Regions 2.302ms
[2024-01-21T20:06:27.417+0700][6.988s] GC(4) Concurrent Mark
[2024-01-21T20:06:27.417+0700][6.988s] GC(4) Concurrent Mark From Roots
[2024-01-21T20:06:27.417+0700][6.988s] GC(4) Using 1 workers of 1 for marking
[2024-01-21T20:06:27.443+0700][7.015s] GC(4) Concurrent Mark From Roots 27.163ms
[2024-01-21T20:06:27.443+0700][7.015s] GC(4) Concurrent Preclean
[2024-01-21T20:06:27.443+0700][7.015s] GC(4) Concurrent Preclean 0.139ms
[2024-01-21T20:06:27.443+0700][7.015s] GC(4) Pause Remark
[2024-01-21T20:06:27.446+0700][7.017s] GC(4) Pause Remark 24M->24M(512M) 2.125ms
[2024-01-21T20:06:27.446+0700][7.017s] GC(4) User=0.00s Sys=0.00s Real=0.00s
[2024-01-21T20:06:27.446+0700][7.017s] GC(4) Concurrent Mark 29.690ms
[2024-01-21T20:06:27.446+0700][7.017s] GC(4) Concurrent Rebuild Remembered Sets
[2024-01-21T20:06:27.458+0700][7.030s] GC(4) Concurrent Rebuild Remembered Sets 12.768ms
[2024-01-21T20:06:27.459+0700][7.030s] GC(4) Pause Cleanup
[2024-01-21T20:06:27.459+0700][7.030s] GC(4) Pause Cleanup 24M->24M(512M) 0.148ms
[2024-01-21T20:06:27.459+0700][7.030s] GC(4) User=0.00s Sys=0.00s Real=0.00s
[2024-01-21T20:06:27.459+0700][7.030s] GC(4) Concurrent Cleanup for Next Mark
[2024-01-21T20:06:27.462+0700][7.033s] GC(4) Concurrent Cleanup for Next Mark 2.580ms
[2024-01-21T20:06:27.462+0700][7.033s] GC(4) Concurrent Mark Cycle 48.134ms
[2024-01-21T20:06:29.596+0700][9.167s] GC(5) Pause Young (Concurrent Start) (Metadata GC Threshold)
[2024-01-21T20:06:29.596+0700][9.167s] GC(5) Using 4 workers of 4 for evacuation
[2024-01-21T20:06:29.605+0700][9.177s] GC(5)   Pre Evacuate Collection Set: 0.1ms
[2024-01-21T20:06:29.605+0700][9.177s] GC(5)   Merge Heap Roots: 0.1ms
[2024-01-21T20:06:29.605+0700][9.177s] GC(5)   Evacuate Collection Set: 8.2ms
[2024-01-21T20:06:29.605+0700][9.177s] GC(5)   Post Evacuate Collection Set: 1.0ms
[2024-01-21T20:06:29.605+0700][9.177s] GC(5)   Other: 0.2ms
[2024-01-21T20:06:29.605+0700][9.177s] GC(5) Eden regions: 114->0(294)
[2024-01-21T20:06:29.605+0700][9.177s] GC(5) Survivor regions: 7->13(22)
[2024-01-21T20:06:29.605+0700][9.177s] GC(5) Old regions: 14->14
[2024-01-21T20:06:29.605+0700][9.177s] GC(5) Archive regions: 0->0
[2024-01-21T20:06:29.605+0700][9.177s] GC(5) Humongous regions: 5->4
[2024-01-21T20:06:29.605+0700][9.177s] GC(5) Metaspace: 35614K(35968K)->35614K(35968K) NonClass: 31331K(31488K)->31331K(31488K) Class: 4283K(4480K)->4283K(4480K)
[2024-01-21T20:06:29.605+0700][9.177s] GC(5) Pause Young (Concurrent Start) (Metadata GC Threshold) 138M->30M(512M) 9.870ms
[2024-01-21T20:06:29.605+0700][9.177s] GC(5) User=0.05s Sys=0.02s Real=0.01s
[2024-01-21T20:06:29.605+0700][9.177s] GC(6) Concurrent Mark Cycle
[2024-01-21T20:06:29.605+0700][9.177s] GC(6) Concurrent Clear Claimed Marks
[2024-01-21T20:06:29.605+0700][9.177s] GC(6) Concurrent Clear Claimed Marks 0.040ms
[2024-01-21T20:06:29.606+0700][9.177s] GC(6) Concurrent Scan Root Regions
[2024-01-21T20:06:29.613+0700][9.185s] GC(6) Concurrent Scan Root Regions 7.720ms
[2024-01-21T20:06:29.613+0700][9.185s] GC(6) Concurrent Mark
[2024-01-21T20:06:29.613+0700][9.185s] GC(6) Concurrent Mark From Roots
[2024-01-21T20:06:29.613+0700][9.185s] GC(6) Using 1 workers of 1 for marking
[2024-01-21T20:06:29.641+0700][9.213s] GC(6) Concurrent Mark From Roots 28.003ms
[2024-01-21T20:06:29.641+0700][9.213s] GC(6) Concurrent Preclean
[2024-01-21T20:06:29.642+0700][9.213s] GC(6) Concurrent Preclean 0.147ms
[2024-01-21T20:06:29.642+0700][9.213s] GC(6) Pause Remark
[2024-01-21T20:06:29.645+0700][9.217s] GC(6) Pause Remark 31M->31M(512M) 3.761ms
[2024-01-21T20:06:29.646+0700][9.217s] GC(6) User=0.00s Sys=0.00s Real=0.00s
[2024-01-21T20:06:29.646+0700][9.218s] GC(6) Concurrent Mark 32.968ms
[2024-01-21T20:06:29.646+0700][9.218s] GC(6) Concurrent Rebuild Remembered Sets
[2024-01-21T20:06:29.659+0700][9.230s] GC(6) Concurrent Rebuild Remembered Sets 12.355ms
[2024-01-21T20:06:29.659+0700][9.231s] GC(6) Pause Cleanup
[2024-01-21T20:06:29.659+0700][9.231s] GC(6) Pause Cleanup 31M->31M(512M) 0.178ms
[2024-01-21T20:06:29.659+0700][9.231s] GC(6) User=0.00s Sys=0.00s Real=0.00s
[2024-01-21T20:06:29.660+0700][9.231s] GC(6) Concurrent Cleanup for Next Mark
[2024-01-21T20:06:29.662+0700][9.233s] GC(6) Concurrent Cleanup for Next Mark 2.181ms
[2024-01-21T20:06:29.662+0700][9.233s] GC(6) Concurrent Mark Cycle 56.471ms
