[2024-04-29T11:41:48.121+0700][0.024s] Using G1
[2024-04-29T11:41:48.478+0700][0.381s] Version: 17.0.9+11-LTS-201 (release)
[2024-04-29T11:41:48.479+0700][0.381s] CPUs: 4 total, 4 available
[2024-04-29T11:41:48.479+0700][0.381s] Memory: 8075M
[2024-04-29T11:41:48.479+0700][0.381s] Large Page Support: Disabled
[2024-04-29T11:41:48.479+0700][0.381s] NUMA Support: Disabled
[2024-04-29T11:41:48.479+0700][0.381s] Compressed Oops: Enabled (32-bit)
[2024-04-29T11:41:48.479+0700][0.381s] Heap Region Size: 1M
[2024-04-29T11:41:48.479+0700][0.381s] Heap Min Capacity: 512M
[2024-04-29T11:41:48.479+0700][0.381s] Heap Initial Capacity: 512M
[2024-04-29T11:41:48.479+0700][0.381s] Heap Max Capacity: 512M
[2024-04-29T11:41:48.479+0700][0.382s] Pre-touch: Enabled
[2024-04-29T11:41:48.479+0700][0.382s] Parallel Workers: 4
[2024-04-29T11:41:48.479+0700][0.382s] Concurrent Workers: 1
[2024-04-29T11:41:48.479+0700][0.382s] Concurrent Refinement Workers: 4
[2024-04-29T11:41:48.479+0700][0.382s] Periodic GC: Disabled
[2024-04-29T11:41:48.492+0700][0.394s] CDS archive(s) mapped at: [0x000001940f000000-0x000001940fbd0000-0x000001940fbd0000), size 12386304, SharedBaseAddress: 0x000001940f000000, ArchiveRelocationMode: 1.
[2024-04-29T11:41:48.492+0700][0.394s] Compressed class space mapped at: 0x0000019410000000-0x0000019450000000, reserved size: 1073741824
[2024-04-29T11:41:48.492+0700][0.394s] Narrow klass base: 0x000001940f000000, Narrow klass shift: 0, Narrow klass range: 0x100000000
[2024-04-29T11:41:54.350+0700][6.253s] GC(0) Pause Young (Normal) (G1 Evacuation Pause)
[2024-04-29T11:41:54.351+0700][6.254s] GC(0) Using 4 workers of 4 for evacuation
[2024-04-29T11:41:54.356+0700][6.259s] GC(0)   Pre Evacuate Collection Set: 0.1ms
[2024-04-29T11:41:54.356+0700][6.259s] GC(0)   Merge Heap Roots: 0.3ms
[2024-04-29T11:41:54.356+0700][6.259s] GC(0)   Evacuate Collection Set: 3.8ms
[2024-04-29T11:41:54.356+0700][6.259s] GC(0)   Post Evacuate Collection Set: 0.9ms
[2024-04-29T11:41:54.356+0700][6.259s] GC(0)   Other: 0.6ms
[2024-04-29T11:41:54.356+0700][6.260s] GC(0) Eden regions: 25->0(30)
[2024-04-29T11:41:54.356+0700][6.260s] GC(0) Survivor regions: 0->4(4)
[2024-04-29T11:41:54.357+0700][6.260s] GC(0) Old regions: 0->0
[2024-04-29T11:41:54.357+0700][6.260s] GC(0) Archive regions: 0->0
[2024-04-29T11:41:54.357+0700][6.260s] GC(0) Humongous regions: 0->0
[2024-04-29T11:41:54.357+0700][6.260s] GC(0) Metaspace: 6596K(6848K)->6596K(6848K) NonClass: 5825K(5952K)->5825K(5952K) Class: 771K(896K)->771K(896K)
[2024-04-29T11:41:54.357+0700][6.260s] GC(0) Pause Young (Normal) (G1 Evacuation Pause) 25M->3M(512M) 6.633ms
[2024-04-29T11:41:54.357+0700][6.260s] GC(0) User=0.00s Sys=0.00s Real=0.01s
[2024-04-29T11:41:59.998+0700][11.901s] GC(1) Pause Young (Normal) (G1 Evacuation Pause)
[2024-04-29T11:41:59.998+0700][11.901s] GC(1) Using 4 workers of 4 for evacuation
[2024-04-29T11:42:00.008+0700][11.911s] GC(1)   Pre Evacuate Collection Set: 0.1ms
[2024-04-29T11:42:00.008+0700][11.911s] GC(1)   Merge Heap Roots: 0.0ms
[2024-04-29T11:42:00.008+0700][11.911s] GC(1)   Evacuate Collection Set: 9.2ms
[2024-04-29T11:42:00.008+0700][11.911s] GC(1)   Post Evacuate Collection Set: 0.6ms
[2024-04-29T11:42:00.008+0700][11.911s] GC(1)   Other: 0.2ms
[2024-04-29T11:42:00.008+0700][11.911s] GC(1) Eden regions: 29->0(71)
[2024-04-29T11:42:00.008+0700][11.911s] GC(1) Survivor regions: 4->5(5)
[2024-04-29T11:42:00.008+0700][11.911s] GC(1) Old regions: 0->8
[2024-04-29T11:42:00.008+0700][11.911s] GC(1) Archive regions: 0->0
[2024-04-29T11:42:00.008+0700][11.911s] GC(1) Humongous regions: 4->4
[2024-04-29T11:42:00.008+0700][11.911s] GC(1) Metaspace: 15626K(15936K)->15626K(15936K) NonClass: 13786K(13952K)->13786K(13952K) Class: 1840K(1984K)->1840K(1984K)
[2024-04-29T11:42:00.008+0700][11.911s] GC(1) Pause Young (Normal) (G1 Evacuation Pause) 36M->16M(512M) 10.301ms
[2024-04-29T11:42:00.008+0700][11.911s] GC(1) User=0.06s Sys=0.00s Real=0.01s
[2024-04-29T11:42:00.655+0700][12.558s] GC(2) Pause Young (Normal) (G1 Evacuation Pause)
[2024-04-29T11:42:00.655+0700][12.558s] GC(2) Using 4 workers of 4 for evacuation
[2024-04-29T11:42:00.662+0700][12.565s] GC(2)   Pre Evacuate Collection Set: 0.1ms
[2024-04-29T11:42:00.662+0700][12.565s] GC(2)   Merge Heap Roots: 0.1ms
[2024-04-29T11:42:00.662+0700][12.565s] GC(2)   Evacuate Collection Set: 6.2ms
[2024-04-29T11:42:00.662+0700][12.565s] GC(2)   Post Evacuate Collection Set: 0.4ms
[2024-04-29T11:42:00.662+0700][12.565s] GC(2)   Other: 0.2ms
[2024-04-29T11:42:00.662+0700][12.565s] GC(2) Eden regions: 60->0(111)
[2024-04-29T11:42:00.662+0700][12.565s] GC(2) Survivor regions: 5->4(9)
[2024-04-29T11:42:00.662+0700][12.565s] GC(2) Old regions: 8->14
[2024-04-29T11:42:00.662+0700][12.565s] GC(2) Archive regions: 0->0
[2024-04-29T11:42:00.662+0700][12.565s] GC(2) Humongous regions: 4->4
[2024-04-29T11:42:00.662+0700][12.565s] GC(2) Metaspace: 18505K(18816K)->18505K(18816K) NonClass: 16325K(16512K)->16325K(16512K) Class: 2179K(2304K)->2179K(2304K)
[2024-04-29T11:42:00.662+0700][12.565s] GC(2) Pause Young (Normal) (G1 Evacuation Pause) 76M->21M(512M) 7.159ms
[2024-04-29T11:42:00.662+0700][12.565s] GC(2) User=0.00s Sys=0.00s Real=0.01s
[2024-04-29T11:42:01.370+0700][13.273s] GC(3) Pause Young (Concurrent Start) (Metadata GC Threshold)
[2024-04-29T11:42:01.370+0700][13.273s] GC(3) Using 4 workers of 4 for evacuation
[2024-04-29T11:42:01.375+0700][13.278s] GC(3)   Pre Evacuate Collection Set: 0.1ms
[2024-04-29T11:42:01.375+0700][13.278s] GC(3)   Merge Heap Roots: 0.1ms
[2024-04-29T11:42:01.375+0700][13.278s] GC(3)   Evacuate Collection Set: 4.1ms
[2024-04-29T11:42:01.375+0700][13.278s] GC(3)   Post Evacuate Collection Set: 0.7ms
[2024-04-29T11:42:01.375+0700][13.278s] GC(3)   Other: 0.5ms
[2024-04-29T11:42:01.375+0700][13.278s] GC(3) Eden regions: 80->0(132)
[2024-04-29T11:42:01.375+0700][13.278s] GC(3) Survivor regions: 4->7(15)
[2024-04-29T11:42:01.375+0700][13.278s] GC(3) Old regions: 14->14
[2024-04-29T11:42:01.375+0700][13.278s] GC(3) Archive regions: 0->0
[2024-04-29T11:42:01.375+0700][13.278s] GC(3) Humongous regions: 4->4
[2024-04-29T11:42:01.375+0700][13.278s] GC(3) Metaspace: 21207K(21504K)->21207K(21504K) NonClass: 18706K(18816K)->18706K(18816K) Class: 2501K(2688K)->2501K(2688K)
[2024-04-29T11:42:01.375+0700][13.278s] GC(3) Pause Young (Concurrent Start) (Metadata GC Threshold) 100M->24M(512M) 5.698ms
[2024-04-29T11:42:01.375+0700][13.278s] GC(3) User=0.00s Sys=0.00s Real=0.01s
[2024-04-29T11:42:01.375+0700][13.278s] GC(4) Concurrent Mark Cycle
[2024-04-29T11:42:01.375+0700][13.278s] GC(4) Concurrent Clear Claimed Marks
[2024-04-29T11:42:01.375+0700][13.278s] GC(4) Concurrent Clear Claimed Marks 0.036ms
[2024-04-29T11:42:01.375+0700][13.279s] GC(4) Concurrent Scan Root Regions
[2024-04-29T11:42:01.378+0700][13.281s] GC(4) Concurrent Scan Root Regions 2.471ms
[2024-04-29T11:42:01.378+0700][13.281s] GC(4) Concurrent Mark
[2024-04-29T11:42:01.378+0700][13.281s] GC(4) Concurrent Mark From Roots
[2024-04-29T11:42:01.378+0700][13.281s] GC(4) Using 1 workers of 1 for marking
[2024-04-29T11:42:01.406+0700][13.309s] GC(4) Concurrent Mark From Roots 27.910ms
[2024-04-29T11:42:01.406+0700][13.309s] GC(4) Concurrent Preclean
[2024-04-29T11:42:01.406+0700][13.309s] GC(4) Concurrent Preclean 0.139ms
[2024-04-29T11:42:01.407+0700][13.309s] GC(4) Pause Remark
[2024-04-29T11:42:01.410+0700][13.312s] GC(4) Pause Remark 25M->25M(512M) 3.013ms
[2024-04-29T11:42:01.410+0700][13.313s] GC(4) User=0.00s Sys=0.00s Real=0.00s
[2024-04-29T11:42:01.410+0700][13.313s] GC(4) Concurrent Mark 31.547ms
[2024-04-29T11:42:01.410+0700][13.313s] GC(4) Concurrent Rebuild Remembered Sets
[2024-04-29T11:42:01.423+0700][13.326s] GC(4) Concurrent Rebuild Remembered Sets 12.944ms
[2024-04-29T11:42:01.423+0700][13.326s] GC(4) Pause Cleanup
[2024-04-29T11:42:01.423+0700][13.326s] GC(4) Pause Cleanup 26M->26M(512M) 0.119ms
[2024-04-29T11:42:01.423+0700][13.326s] GC(4) User=0.00s Sys=0.00s Real=0.00s
[2024-04-29T11:42:01.423+0700][13.326s] GC(4) Concurrent Cleanup for Next Mark
[2024-04-29T11:42:01.425+0700][13.328s] GC(4) Concurrent Cleanup for Next Mark 1.952ms
[2024-04-29T11:42:01.425+0700][13.328s] GC(4) Concurrent Mark Cycle 49.753ms
[2024-04-29T11:42:22.066+0700][33.968s] GC(5) Pause Young (Concurrent Start) (Metadata GC Threshold)
[2024-04-29T11:42:22.066+0700][33.968s] GC(5) Using 4 workers of 4 for evacuation
[2024-04-29T11:42:22.080+0700][33.983s] GC(5)   Pre Evacuate Collection Set: 0.1ms
[2024-04-29T11:42:22.080+0700][33.983s] GC(5)   Merge Heap Roots: 0.1ms
[2024-04-29T11:42:22.080+0700][33.983s] GC(5)   Evacuate Collection Set: 13.0ms
[2024-04-29T11:42:22.080+0700][33.983s] GC(5)   Post Evacuate Collection Set: 0.8ms
[2024-04-29T11:42:22.080+0700][33.983s] GC(5)   Other: 0.3ms
[2024-04-29T11:42:22.080+0700][33.983s] GC(5) Eden regions: 114->0(294)
[2024-04-29T11:42:22.080+0700][33.983s] GC(5) Survivor regions: 7->13(19)
[2024-04-29T11:42:22.080+0700][33.983s] GC(5) Old regions: 14->14
[2024-04-29T11:42:22.080+0700][33.983s] GC(5) Archive regions: 0->0
[2024-04-29T11:42:22.080+0700][33.983s] GC(5) Humongous regions: 5->4
[2024-04-29T11:42:22.080+0700][33.983s] GC(5) Metaspace: 35797K(36160K)->35797K(36160K) NonClass: 31495K(31680K)->31495K(31680K) Class: 4301K(4480K)->4301K(4480K)
[2024-04-29T11:42:22.080+0700][33.983s] GC(5) Pause Young (Concurrent Start) (Metadata GC Threshold) 138M->30M(512M) 14.483ms
[2024-04-29T11:42:22.080+0700][33.983s] GC(5) User=0.06s Sys=0.00s Real=0.01s
[2024-04-29T11:42:22.080+0700][33.983s] GC(6) Concurrent Mark Cycle
[2024-04-29T11:42:22.080+0700][33.983s] GC(6) Concurrent Clear Claimed Marks
[2024-04-29T11:42:22.080+0700][33.983s] GC(6) Concurrent Clear Claimed Marks 0.038ms
[2024-04-29T11:42:22.080+0700][33.983s] GC(6) Concurrent Scan Root Regions
[2024-04-29T11:42:22.088+0700][33.991s] GC(6) Concurrent Scan Root Regions 7.462ms
[2024-04-29T11:42:22.088+0700][33.991s] GC(6) Concurrent Mark
[2024-04-29T11:42:22.088+0700][33.991s] GC(6) Concurrent Mark From Roots
[2024-04-29T11:42:22.088+0700][33.991s] GC(6) Using 1 workers of 1 for marking
[2024-04-29T11:42:22.121+0700][34.024s] GC(6) Concurrent Mark From Roots 33.118ms
[2024-04-29T11:42:22.121+0700][34.024s] GC(6) Concurrent Preclean
[2024-04-29T11:42:22.121+0700][34.024s] GC(6) Concurrent Preclean 0.144ms
[2024-04-29T11:42:22.122+0700][34.024s] GC(6) Pause Remark
[2024-04-29T11:42:22.126+0700][34.029s] GC(6) Pause Remark 31M->31M(512M) 4.183ms
[2024-04-29T11:42:22.126+0700][34.029s] GC(6) User=0.00s Sys=0.00s Real=0.00s
[2024-04-29T11:42:22.127+0700][34.029s] GC(6) Concurrent Mark 38.788ms
[2024-04-29T11:42:22.127+0700][34.029s] GC(6) Concurrent Rebuild Remembered Sets
[2024-04-29T11:42:22.140+0700][34.043s] GC(6) Concurrent Rebuild Remembered Sets 13.547ms
[2024-04-29T11:42:22.140+0700][34.043s] GC(6) Pause Cleanup
[2024-04-29T11:42:22.141+0700][34.043s] GC(6) Pause Cleanup 32M->32M(512M) 0.115ms
[2024-04-29T11:42:22.141+0700][34.043s] GC(6) User=0.00s Sys=0.00s Real=0.00s
[2024-04-29T11:42:22.141+0700][34.044s] GC(6) Concurrent Cleanup for Next Mark
[2024-04-29T11:42:22.143+0700][34.046s] GC(6) Concurrent Cleanup for Next Mark 2.245ms
[2024-04-29T11:42:22.143+0700][34.046s] GC(6) Concurrent Mark Cycle 63.015ms
