[2024-06-28T19:37:30.839+0700][0.025s] Using G1
[2024-06-28T19:37:31.196+0700][0.382s] Version: 17.0.9+11-LTS-201 (release)
[2024-06-28T19:37:31.196+0700][0.382s] CPUs: 4 total, 4 available
[2024-06-28T19:37:31.196+0700][0.382s] Memory: 8075M
[2024-06-28T19:37:31.196+0700][0.382s] Large Page Support: Disabled
[2024-06-28T19:37:31.196+0700][0.382s] NUMA Support: Disabled
[2024-06-28T19:37:31.196+0700][0.382s] Compressed Oops: Enabled (32-bit)
[2024-06-28T19:37:31.196+0700][0.382s] Heap Region Size: 1M
[2024-06-28T19:37:31.197+0700][0.382s] Heap Min Capacity: 512M
[2024-06-28T19:37:31.197+0700][0.382s] Heap Initial Capacity: 512M
[2024-06-28T19:37:31.197+0700][0.382s] Heap Max Capacity: 512M
[2024-06-28T19:37:31.197+0700][0.382s] Pre-touch: Enabled
[2024-06-28T19:37:31.197+0700][0.382s] Parallel Workers: 4
[2024-06-28T19:37:31.197+0700][0.382s] Concurrent Workers: 1
[2024-06-28T19:37:31.197+0700][0.382s] Concurrent Refinement Workers: 4
[2024-06-28T19:37:31.197+0700][0.383s] Periodic GC: Disabled
[2024-06-28T19:37:31.209+0700][0.394s] CDS archive(s) mapped at: [0x0000019600000000-0x0000019600bd0000-0x0000019600bd0000), size 12386304, SharedBaseAddress: 0x0000019600000000, ArchiveRelocationMode: 1.
[2024-06-28T19:37:31.209+0700][0.394s] Compressed class space mapped at: 0x0000019601000000-0x0000019641000000, reserved size: 1073741824
[2024-06-28T19:37:31.209+0700][0.394s] Narrow klass base: 0x0000019600000000, Narrow klass shift: 0, Narrow klass range: 0x100000000
[2024-06-28T19:37:37.282+0700][6.468s] GC(0) Pause Young (Normal) (G1 Evacuation Pause)
[2024-06-28T19:37:37.282+0700][6.468s] GC(0) Using 4 workers of 4 for evacuation
[2024-06-28T19:37:37.288+0700][6.474s] GC(0)   Pre Evacuate Collection Set: 0.1ms
[2024-06-28T19:37:37.288+0700][6.474s] GC(0)   Merge Heap Roots: 0.3ms
[2024-06-28T19:37:37.288+0700][6.474s] GC(0)   Evacuate Collection Set: 4.5ms
[2024-06-28T19:37:37.288+0700][6.474s] GC(0)   Post Evacuate Collection Set: 0.9ms
[2024-06-28T19:37:37.288+0700][6.475s] GC(0)   Other: 0.9ms
[2024-06-28T19:37:37.288+0700][6.475s] GC(0) Eden regions: 25->0(30)
[2024-06-28T19:37:37.288+0700][6.475s] GC(0) Survivor regions: 0->4(4)
[2024-06-28T19:37:37.288+0700][6.475s] GC(0) Old regions: 0->0
[2024-06-28T19:37:37.288+0700][6.475s] GC(0) Archive regions: 0->0
[2024-06-28T19:37:37.288+0700][6.475s] GC(0) Humongous regions: 0->0
[2024-06-28T19:37:37.288+0700][6.475s] GC(0) Metaspace: 6596K(6848K)->6596K(6848K) NonClass: 5824K(5952K)->5824K(5952K) Class: 771K(896K)->771K(896K)
[2024-06-28T19:37:37.289+0700][6.475s] GC(0) Pause Young (Normal) (G1 Evacuation Pause) 25M->3M(512M) 7.454ms
[2024-06-28T19:37:37.289+0700][6.475s] GC(0) User=0.00s Sys=0.00s Real=0.01s
[2024-06-28T19:37:38.386+0700][7.571s] GC(1) Pause Young (Normal) (G1 Evacuation Pause)
[2024-06-28T19:37:38.386+0700][7.571s] GC(1) Using 4 workers of 4 for evacuation
[2024-06-28T19:37:38.396+0700][7.582s] GC(1)   Pre Evacuate Collection Set: 0.1ms
[2024-06-28T19:37:38.396+0700][7.583s] GC(1)   Merge Heap Roots: 0.0ms
[2024-06-28T19:37:38.396+0700][7.583s] GC(1)   Evacuate Collection Set: 10.2ms
[2024-06-28T19:37:38.396+0700][7.583s] GC(1)   Post Evacuate Collection Set: 0.6ms
[2024-06-28T19:37:38.396+0700][7.583s] GC(1)   Other: 0.2ms
[2024-06-28T19:37:38.396+0700][7.583s] GC(1) Eden regions: 29->0(65)
[2024-06-28T19:37:38.396+0700][7.583s] GC(1) Survivor regions: 4->5(5)
[2024-06-28T19:37:38.396+0700][7.583s] GC(1) Old regions: 0->8
[2024-06-28T19:37:38.396+0700][7.583s] GC(1) Archive regions: 0->0
[2024-06-28T19:37:38.396+0700][7.583s] GC(1) Humongous regions: 4->4
[2024-06-28T19:37:38.396+0700][7.583s] GC(1) Metaspace: 15661K(15936K)->15661K(15936K) NonClass: 13818K(13952K)->13818K(13952K) Class: 1842K(1984K)->1842K(1984K)
[2024-06-28T19:37:38.396+0700][7.583s] GC(1) Pause Young (Normal) (G1 Evacuation Pause) 36M->16M(512M) 11.315ms
[2024-06-28T19:37:38.396+0700][7.583s] GC(1) User=0.00s Sys=0.00s Real=0.01s
[2024-06-28T19:37:40.287+0700][9.473s] GC(2) Pause Young (Normal) (G1 Evacuation Pause)
[2024-06-28T19:37:40.287+0700][9.473s] GC(2) Using 4 workers of 4 for evacuation
[2024-06-28T19:37:40.293+0700][9.478s] GC(2)   Pre Evacuate Collection Set: 0.1ms
[2024-06-28T19:37:40.293+0700][9.479s] GC(2)   Merge Heap Roots: 0.1ms
[2024-06-28T19:37:40.293+0700][9.479s] GC(2)   Evacuate Collection Set: 4.8ms
[2024-06-28T19:37:40.293+0700][9.479s] GC(2)   Post Evacuate Collection Set: 0.4ms
[2024-06-28T19:37:40.293+0700][9.479s] GC(2)   Other: 0.2ms
[2024-06-28T19:37:40.293+0700][9.479s] GC(2) Eden regions: 54->0(103)
[2024-06-28T19:37:40.293+0700][9.479s] GC(2) Survivor regions: 5->3(8)
[2024-06-28T19:37:40.293+0700][9.479s] GC(2) Old regions: 8->14
[2024-06-28T19:37:40.293+0700][9.479s] GC(2) Archive regions: 0->0
[2024-06-28T19:37:40.293+0700][9.479s] GC(2) Humongous regions: 4->4
[2024-06-28T19:37:40.293+0700][9.479s] GC(2) Metaspace: 18550K(18816K)->18550K(18816K) NonClass: 16370K(16512K)->16370K(16512K) Class: 2180K(2304K)->2180K(2304K)
[2024-06-28T19:37:40.293+0700][9.479s] GC(2) Pause Young (Normal) (G1 Evacuation Pause) 70M->20M(512M) 5.881ms
[2024-06-28T19:37:40.293+0700][9.479s] GC(2) User=0.06s Sys=0.00s Real=0.01s
[2024-06-28T19:37:41.289+0700][10.474s] GC(3) Pause Young (Concurrent Start) (Metadata GC Threshold)
[2024-06-28T19:37:41.289+0700][10.474s] GC(3) Using 4 workers of 4 for evacuation
[2024-06-28T19:37:41.295+0700][10.481s] GC(3)   Pre Evacuate Collection Set: 0.1ms
[2024-06-28T19:37:41.295+0700][10.481s] GC(3)   Merge Heap Roots: 0.1ms
[2024-06-28T19:37:41.295+0700][10.481s] GC(3)   Evacuate Collection Set: 5.6ms
[2024-06-28T19:37:41.295+0700][10.481s] GC(3)   Post Evacuate Collection Set: 0.5ms
[2024-06-28T19:37:41.295+0700][10.481s] GC(3)   Other: 0.6ms
[2024-06-28T19:37:41.295+0700][10.481s] GC(3) Eden regions: 85->0(151)
[2024-06-28T19:37:41.295+0700][10.481s] GC(3) Survivor regions: 3->7(14)
[2024-06-28T19:37:41.295+0700][10.481s] GC(3) Old regions: 14->14
[2024-06-28T19:37:41.295+0700][10.481s] GC(3) Archive regions: 0->0
[2024-06-28T19:37:41.295+0700][10.481s] GC(3) Humongous regions: 4->4
[2024-06-28T19:37:41.295+0700][10.481s] GC(3) Metaspace: 21214K(21504K)->21214K(21504K) NonClass: 18721K(18880K)->18721K(18880K) Class: 2493K(2624K)->2493K(2624K)
[2024-06-28T19:37:41.295+0700][10.481s] GC(3) Pause Young (Concurrent Start) (Metadata GC Threshold) 105M->23M(512M) 6.994ms
[2024-06-28T19:37:41.295+0700][10.481s] GC(3) User=0.03s Sys=0.00s Real=0.01s
[2024-06-28T19:37:41.295+0700][10.481s] GC(4) Concurrent Mark Cycle
[2024-06-28T19:37:41.295+0700][10.481s] GC(4) Concurrent Clear Claimed Marks
[2024-06-28T19:37:41.295+0700][10.481s] GC(4) Concurrent Clear Claimed Marks 0.035ms
[2024-06-28T19:37:41.295+0700][10.481s] GC(4) Concurrent Scan Root Regions
[2024-06-28T19:37:41.298+0700][10.484s] GC(4) Concurrent Scan Root Regions 2.391ms
[2024-06-28T19:37:41.298+0700][10.484s] GC(4) Concurrent Mark
[2024-06-28T19:37:41.298+0700][10.484s] GC(4) Concurrent Mark From Roots
[2024-06-28T19:37:41.298+0700][10.484s] GC(4) Using 1 workers of 1 for marking
[2024-06-28T19:37:41.326+0700][10.512s] GC(4) Concurrent Mark From Roots 28.142ms
[2024-06-28T19:37:41.326+0700][10.512s] GC(4) Concurrent Preclean
[2024-06-28T19:37:41.326+0700][10.512s] GC(4) Concurrent Preclean 0.131ms
[2024-06-28T19:37:41.326+0700][10.512s] GC(4) Pause Remark
[2024-06-28T19:37:41.329+0700][10.515s] GC(4) Pause Remark 24M->24M(512M) 2.617ms
[2024-06-28T19:37:41.329+0700][10.515s] GC(4) User=0.00s Sys=0.00s Real=0.00s
[2024-06-28T19:37:41.330+0700][10.515s] GC(4) Concurrent Mark 31.373ms
[2024-06-28T19:37:41.330+0700][10.515s] GC(4) Concurrent Rebuild Remembered Sets
[2024-06-28T19:37:41.343+0700][10.528s] GC(4) Concurrent Rebuild Remembered Sets 13.055ms
[2024-06-28T19:37:41.343+0700][10.528s] GC(4) Pause Cleanup
[2024-06-28T19:37:41.343+0700][10.529s] GC(4) Pause Cleanup 25M->25M(512M) 0.149ms
[2024-06-28T19:37:41.343+0700][10.529s] GC(4) User=0.00s Sys=0.00s Real=0.00s
[2024-06-28T19:37:41.343+0700][10.529s] GC(4) Concurrent Cleanup for Next Mark
[2024-06-28T19:37:41.345+0700][10.530s] GC(4) Concurrent Cleanup for Next Mark 1.527ms
[2024-06-28T19:37:41.345+0700][10.530s] GC(4) Concurrent Mark Cycle 49.090ms
[2024-06-28T19:37:44.353+0700][13.539s] GC(5) Pause Young (Concurrent Start) (Metadata GC Threshold)
[2024-06-28T19:37:44.353+0700][13.539s] GC(5) Using 4 workers of 4 for evacuation
[2024-06-28T19:37:44.362+0700][13.548s] GC(5)   Pre Evacuate Collection Set: 0.1ms
[2024-06-28T19:37:44.362+0700][13.548s] GC(5)   Merge Heap Roots: 0.1ms
[2024-06-28T19:37:44.362+0700][13.548s] GC(5)   Evacuate Collection Set: 8.0ms
[2024-06-28T19:37:44.362+0700][13.548s] GC(5)   Post Evacuate Collection Set: 0.7ms
[2024-06-28T19:37:44.362+0700][13.548s] GC(5)   Other: 0.2ms
[2024-06-28T19:37:44.362+0700][13.548s] GC(5) Eden regions: 110->0(294)
[2024-06-28T19:37:44.362+0700][13.548s] GC(5) Survivor regions: 7->13(22)
[2024-06-28T19:37:44.362+0700][13.548s] GC(5) Old regions: 14->14
[2024-06-28T19:37:44.362+0700][13.548s] GC(5) Archive regions: 0->0
[2024-06-28T19:37:44.362+0700][13.548s] GC(5) Humongous regions: 5->4
[2024-06-28T19:37:44.362+0700][13.548s] GC(5) Metaspace: 35836K(36160K)->35836K(36160K) NonClass: 31538K(31680K)->31538K(31680K) Class: 4297K(4480K)->4297K(4480K)
[2024-06-28T19:37:44.362+0700][13.548s] GC(5) Pause Young (Concurrent Start) (Metadata GC Threshold) 134M->30M(512M) 9.371ms
[2024-06-28T19:37:44.362+0700][13.548s] GC(5) User=0.00s Sys=0.00s Real=0.01s
[2024-06-28T19:37:44.362+0700][13.548s] GC(6) Concurrent Mark Cycle
[2024-06-28T19:37:44.362+0700][13.548s] GC(6) Concurrent Clear Claimed Marks
[2024-06-28T19:37:44.362+0700][13.548s] GC(6) Concurrent Clear Claimed Marks 0.039ms
[2024-06-28T19:37:44.362+0700][13.548s] GC(6) Concurrent Scan Root Regions
[2024-06-28T19:37:44.368+0700][13.554s] GC(6) Concurrent Scan Root Regions 6.160ms
[2024-06-28T19:37:44.368+0700][13.555s] GC(6) Concurrent Mark
[2024-06-28T19:37:44.368+0700][13.555s] GC(6) Concurrent Mark From Roots
[2024-06-28T19:37:44.368+0700][13.555s] GC(6) Using 1 workers of 1 for marking
[2024-06-28T19:37:44.397+0700][13.583s] GC(6) Concurrent Mark From Roots 28.625ms
[2024-06-28T19:37:44.397+0700][13.583s] GC(6) Concurrent Preclean
[2024-06-28T19:37:44.397+0700][13.583s] GC(6) Concurrent Preclean 0.134ms
[2024-06-28T19:37:44.398+0700][13.584s] GC(6) Pause Remark
[2024-06-28T19:37:44.400+0700][13.586s] GC(6) Pause Remark 31M->31M(512M) 2.063ms
[2024-06-28T19:37:44.400+0700][13.586s] GC(6) User=0.05s Sys=0.00s Real=0.00s
[2024-06-28T19:37:44.400+0700][13.586s] GC(6) Concurrent Mark 31.450ms
[2024-06-28T19:37:44.400+0700][13.586s] GC(6) Concurrent Rebuild Remembered Sets
[2024-06-28T19:37:44.413+0700][13.599s] GC(6) Concurrent Rebuild Remembered Sets 12.784ms
[2024-06-28T19:37:44.414+0700][13.599s] GC(6) Pause Cleanup
[2024-06-28T19:37:44.414+0700][13.600s] GC(6) Pause Cleanup 32M->32M(512M) 0.146ms
[2024-06-28T19:37:44.414+0700][13.600s] GC(6) User=0.00s Sys=0.00s Real=0.00s
[2024-06-28T19:37:44.414+0700][13.600s] GC(6) Concurrent Cleanup for Next Mark
[2024-06-28T19:37:44.416+0700][13.602s] GC(6) Concurrent Cleanup for Next Mark 2.389ms
[2024-06-28T19:37:44.416+0700][13.602s] GC(6) Concurrent Mark Cycle 54.064ms
