[2024-01-03T17:56:36.105+0700][0.024s] Using G1
[2024-01-03T17:56:36.571+0700][0.490s] Version: 17.0.9+11-LTS-201 (release)
[2024-01-03T17:56:36.571+0700][0.491s] CPUs: 4 total, 4 available
[2024-01-03T17:56:36.571+0700][0.491s] Memory: 8075M
[2024-01-03T17:56:36.571+0700][0.491s] Large Page Support: Disabled
[2024-01-03T17:56:36.571+0700][0.491s] NUMA Support: Disabled
[2024-01-03T17:56:36.572+0700][0.491s] Compressed Oops: Enabled (32-bit)
[2024-01-03T17:56:36.572+0700][0.491s] Heap Region Size: 1M
[2024-01-03T17:56:36.572+0700][0.491s] Heap Min Capacity: 512M
[2024-01-03T17:56:36.572+0700][0.491s] Heap Initial Capacity: 512M
[2024-01-03T17:56:36.572+0700][0.491s] Heap Max Capacity: 512M
[2024-01-03T17:56:36.572+0700][0.491s] Pre-touch: Enabled
[2024-01-03T17:56:36.572+0700][0.491s] Parallel Workers: 4
[2024-01-03T17:56:36.572+0700][0.491s] Concurrent Workers: 1
[2024-01-03T17:56:36.572+0700][0.491s] Concurrent Refinement Workers: 4
[2024-01-03T17:56:36.572+0700][0.491s] Periodic GC: Disabled
[2024-01-03T17:56:36.587+0700][0.507s] CDS archive(s) mapped at: [0x000001fb80000000-0x000001fb80bd0000-0x000001fb80bd0000), size 12386304, SharedBaseAddress: 0x000001fb80000000, ArchiveRelocationMode: 1.
[2024-01-03T17:56:36.588+0700][0.507s] Compressed class space mapped at: 0x000001fb81000000-0x000001fbc1000000, reserved size: 1073741824
[2024-01-03T17:56:36.588+0700][0.507s] Narrow klass base: 0x000001fb80000000, Narrow klass shift: 0, Narrow klass range: 0x100000000
[2024-01-03T17:56:40.226+0700][4.146s] GC(0) Pause Young (Normal) (G1 Evacuation Pause)
[2024-01-03T17:56:40.226+0700][4.146s] GC(0) Using 4 workers of 4 for evacuation
[2024-01-03T17:56:40.232+0700][4.152s] GC(0)   Pre Evacuate Collection Set: 0.2ms
[2024-01-03T17:56:40.232+0700][4.152s] GC(0)   Merge Heap Roots: 0.4ms
[2024-01-03T17:56:40.232+0700][4.152s] GC(0)   Evacuate Collection Set: 3.7ms
[2024-01-03T17:56:40.232+0700][4.152s] GC(0)   Post Evacuate Collection Set: 0.9ms
[2024-01-03T17:56:40.233+0700][4.152s] GC(0)   Other: 1.0ms
[2024-01-03T17:56:40.233+0700][4.152s] GC(0) Eden regions: 25->0(29)
[2024-01-03T17:56:40.233+0700][4.152s] GC(0) Survivor regions: 0->4(4)
[2024-01-03T17:56:40.233+0700][4.152s] GC(0) Old regions: 0->0
[2024-01-03T17:56:40.233+0700][4.152s] GC(0) Archive regions: 0->0
[2024-01-03T17:56:40.233+0700][4.152s] GC(0) Humongous regions: 0->0
[2024-01-03T17:56:40.233+0700][4.152s] GC(0) Metaspace: 6594K(6848K)->6594K(6848K) NonClass: 5822K(5952K)->5822K(5952K) Class: 771K(896K)->771K(896K)
[2024-01-03T17:56:40.233+0700][4.153s] GC(0) Pause Young (Normal) (G1 Evacuation Pause) 25M->3M(512M) 7.118ms
[2024-01-03T17:56:40.233+0700][4.153s] GC(0) User=0.00s Sys=0.00s Real=0.01s
[2024-01-03T17:56:41.344+0700][5.264s] GC(1) Pause Young (Normal) (G1 Evacuation Pause)
[2024-01-03T17:56:41.344+0700][5.264s] GC(1) Using 4 workers of 4 for evacuation
[2024-01-03T17:56:41.359+0700][5.279s] GC(1)   Pre Evacuate Collection Set: 0.1ms
[2024-01-03T17:56:41.359+0700][5.279s] GC(1)   Merge Heap Roots: 0.0ms
[2024-01-03T17:56:41.359+0700][5.279s] GC(1)   Evacuate Collection Set: 14.2ms
[2024-01-03T17:56:41.359+0700][5.279s] GC(1)   Post Evacuate Collection Set: 0.6ms
[2024-01-03T17:56:41.359+0700][5.279s] GC(1)   Other: 0.2ms
[2024-01-03T17:56:41.359+0700][5.279s] GC(1) Eden regions: 29->0(68)
[2024-01-03T17:56:41.359+0700][5.279s] GC(1) Survivor regions: 4->5(5)
[2024-01-03T17:56:41.359+0700][5.279s] GC(1) Old regions: 0->9
[2024-01-03T17:56:41.359+0700][5.279s] GC(1) Archive regions: 0->0
[2024-01-03T17:56:41.359+0700][5.279s] GC(1) Humongous regions: 4->4
[2024-01-03T17:56:41.359+0700][5.279s] GC(1) Metaspace: 15801K(16064K)->15801K(16064K) NonClass: 13938K(14080K)->13938K(14080K) Class: 1863K(1984K)->1863K(1984K)
[2024-01-03T17:56:41.359+0700][5.279s] GC(1) Pause Young (Normal) (G1 Evacuation Pause) 36M->17M(512M) 15.271ms
[2024-01-03T17:56:41.360+0700][5.279s] GC(1) User=0.06s Sys=0.00s Real=0.02s
[2024-01-03T17:56:42.555+0700][6.475s] GC(2) Pause Young (Normal) (G1 Evacuation Pause)
[2024-01-03T17:56:42.555+0700][6.475s] GC(2) Using 4 workers of 4 for evacuation
[2024-01-03T17:56:42.561+0700][6.481s] GC(2)   Pre Evacuate Collection Set: 0.1ms
[2024-01-03T17:56:42.561+0700][6.481s] GC(2)   Merge Heap Roots: 0.1ms
[2024-01-03T17:56:42.561+0700][6.481s] GC(2)   Evacuate Collection Set: 5.3ms
[2024-01-03T17:56:42.561+0700][6.481s] GC(2)   Post Evacuate Collection Set: 0.4ms
[2024-01-03T17:56:42.561+0700][6.481s] GC(2)   Other: 0.3ms
[2024-01-03T17:56:42.562+0700][6.481s] GC(2) Eden regions: 56->0(114)
[2024-01-03T17:56:42.562+0700][6.481s] GC(2) Survivor regions: 5->3(8)
[2024-01-03T17:56:42.562+0700][6.481s] GC(2) Old regions: 9->14
[2024-01-03T17:56:42.562+0700][6.481s] GC(2) Archive regions: 0->0
[2024-01-03T17:56:42.562+0700][6.481s] GC(2) Humongous regions: 4->4
[2024-01-03T17:56:42.562+0700][6.481s] GC(2) Metaspace: 18523K(18816K)->18523K(18816K) NonClass: 16343K(16512K)->16343K(16512K) Class: 2179K(2304K)->2179K(2304K)
[2024-01-03T17:56:42.562+0700][6.481s] GC(2) Pause Young (Normal) (G1 Evacuation Pause) 73M->20M(512M) 6.368ms
[2024-01-03T17:56:42.562+0700][6.481s] GC(2) User=0.00s Sys=0.00s Real=0.01s
[2024-01-03T17:56:43.908+0700][7.828s] GC(3) Pause Young (Concurrent Start) (Metadata GC Threshold)
[2024-01-03T17:56:43.908+0700][7.828s] GC(3) Using 4 workers of 4 for evacuation
[2024-01-03T17:56:43.914+0700][7.833s] GC(3)   Pre Evacuate Collection Set: 0.1ms
[2024-01-03T17:56:43.914+0700][7.833s] GC(3)   Merge Heap Roots: 0.1ms
[2024-01-03T17:56:43.914+0700][7.833s] GC(3)   Evacuate Collection Set: 4.1ms
[2024-01-03T17:56:43.914+0700][7.833s] GC(3)   Post Evacuate Collection Set: 0.5ms
[2024-01-03T17:56:43.914+0700][7.833s] GC(3)   Other: 0.6ms
[2024-01-03T17:56:43.914+0700][7.833s] GC(3) Eden regions: 82->0(224)
[2024-01-03T17:56:43.914+0700][7.833s] GC(3) Survivor regions: 3->6(15)
[2024-01-03T17:56:43.914+0700][7.833s] GC(3) Old regions: 14->14
[2024-01-03T17:56:43.914+0700][7.833s] GC(3) Archive regions: 0->0
[2024-01-03T17:56:43.914+0700][7.833s] GC(3) Humongous regions: 4->4
[2024-01-03T17:56:43.914+0700][7.833s] GC(3) Metaspace: 21195K(21504K)->21195K(21504K) NonClass: 18696K(18816K)->18696K(18816K) Class: 2498K(2688K)->2498K(2688K)
[2024-01-03T17:56:43.914+0700][7.834s] GC(3) Pause Young (Concurrent Start) (Metadata GC Threshold) 102M->23M(512M) 5.583ms
[2024-01-03T17:56:43.914+0700][7.834s] GC(3) User=0.05s Sys=0.00s Real=0.01s
[2024-01-03T17:56:43.914+0700][7.834s] GC(4) Concurrent Mark Cycle
[2024-01-03T17:56:43.914+0700][7.834s] GC(4) Concurrent Clear Claimed Marks
[2024-01-03T17:56:43.914+0700][7.834s] GC(4) Concurrent Clear Claimed Marks 0.033ms
[2024-01-03T17:56:43.914+0700][7.834s] GC(4) Concurrent Scan Root Regions
[2024-01-03T17:56:43.916+0700][7.836s] GC(4) Concurrent Scan Root Regions 2.364ms
[2024-01-03T17:56:43.916+0700][7.836s] GC(4) Concurrent Mark
[2024-01-03T17:56:43.916+0700][7.836s] GC(4) Concurrent Mark From Roots
[2024-01-03T17:56:43.916+0700][7.836s] GC(4) Using 1 workers of 1 for marking
[2024-01-03T17:56:43.945+0700][7.865s] GC(4) Concurrent Mark From Roots 28.994ms
[2024-01-03T17:56:43.946+0700][7.865s] GC(4) Concurrent Preclean
[2024-01-03T17:56:43.946+0700][7.865s] GC(4) Concurrent Preclean 0.139ms
[2024-01-03T17:56:43.946+0700][7.866s] GC(4) Pause Remark
[2024-01-03T17:56:43.948+0700][7.868s] GC(4) Pause Remark 25M->25M(512M) 2.524ms
[2024-01-03T17:56:43.948+0700][7.868s] GC(4) User=0.00s Sys=0.00s Real=0.00s
[2024-01-03T17:56:43.948+0700][7.868s] GC(4) Concurrent Mark 32.010ms
[2024-01-03T17:56:43.949+0700][7.868s] GC(4) Concurrent Rebuild Remembered Sets
[2024-01-03T17:56:43.961+0700][7.881s] GC(4) Concurrent Rebuild Remembered Sets 12.888ms
[2024-01-03T17:56:43.962+0700][7.881s] GC(4) Pause Cleanup
[2024-01-03T17:56:43.962+0700][7.881s] GC(4) Pause Cleanup 25M->25M(512M) 0.111ms
[2024-01-03T17:56:43.962+0700][7.881s] GC(4) User=0.00s Sys=0.00s Real=0.00s
[2024-01-03T17:56:43.962+0700][7.881s] GC(4) Concurrent Cleanup for Next Mark
[2024-01-03T17:56:43.963+0700][7.883s] GC(4) Concurrent Cleanup for Next Mark 1.464ms
[2024-01-03T17:56:43.963+0700][7.883s] GC(4) Concurrent Mark Cycle 49.411ms
[2024-01-03T17:56:46.239+0700][10.158s] GC(5) Pause Young (Concurrent Start) (Metadata GC Threshold)
[2024-01-03T17:56:46.239+0700][10.158s] GC(5) Using 4 workers of 4 for evacuation
[2024-01-03T17:56:46.247+0700][10.167s] GC(5)   Pre Evacuate Collection Set: 0.1ms
[2024-01-03T17:56:46.247+0700][10.167s] GC(5)   Merge Heap Roots: 0.1ms
[2024-01-03T17:56:46.247+0700][10.167s] GC(5)   Evacuate Collection Set: 7.7ms
[2024-01-03T17:56:46.247+0700][10.167s] GC(5)   Post Evacuate Collection Set: 0.8ms
[2024-01-03T17:56:46.248+0700][10.167s] GC(5)   Other: 0.2ms
[2024-01-03T17:56:46.248+0700][10.167s] GC(5) Eden regions: 120->0(294)
[2024-01-03T17:56:46.248+0700][10.167s] GC(5) Survivor regions: 6->13(32)
[2024-01-03T17:56:46.248+0700][10.167s] GC(5) Old regions: 14->14
[2024-01-03T17:56:46.248+0700][10.167s] GC(5) Archive regions: 0->0
[2024-01-03T17:56:46.248+0700][10.167s] GC(5) Humongous regions: 5->4
[2024-01-03T17:56:46.248+0700][10.167s] GC(5) Metaspace: 35902K(36288K)->35902K(36288K) NonClass: 31588K(31744K)->31588K(31744K) Class: 4314K(4544K)->4314K(4544K)
[2024-01-03T17:56:46.248+0700][10.167s] GC(5) Pause Young (Concurrent Start) (Metadata GC Threshold) 144M->30M(512M) 9.174ms
[2024-01-03T17:56:46.248+0700][10.167s] GC(5) User=0.00s Sys=0.00s Real=0.01s
[2024-01-03T17:56:46.248+0700][10.167s] GC(6) Concurrent Mark Cycle
[2024-01-03T17:56:46.248+0700][10.167s] GC(6) Concurrent Clear Claimed Marks
[2024-01-03T17:56:46.248+0700][10.168s] GC(6) Concurrent Clear Claimed Marks 0.041ms
[2024-01-03T17:56:46.248+0700][10.168s] GC(6) Concurrent Scan Root Regions
[2024-01-03T17:56:46.255+0700][10.174s] GC(6) Concurrent Scan Root Regions 6.849ms
[2024-01-03T17:56:46.255+0700][10.174s] GC(6) Concurrent Mark
[2024-01-03T17:56:46.255+0700][10.174s] GC(6) Concurrent Mark From Roots
[2024-01-03T17:56:46.255+0700][10.175s] GC(6) Using 1 workers of 1 for marking
[2024-01-03T17:56:46.284+0700][10.203s] GC(6) Concurrent Mark From Roots 28.911ms
[2024-01-03T17:56:46.284+0700][10.203s] GC(6) Concurrent Preclean
[2024-01-03T17:56:46.284+0700][10.204s] GC(6) Concurrent Preclean 0.130ms
[2024-01-03T17:56:46.284+0700][10.204s] GC(6) Pause Remark
[2024-01-03T17:56:46.287+0700][10.207s] GC(6) Pause Remark 39M->39M(512M) 2.844ms
[2024-01-03T17:56:46.287+0700][10.207s] GC(6) User=0.05s Sys=0.00s Real=0.00s
[2024-01-03T17:56:46.287+0700][10.207s] GC(6) Concurrent Mark 32.376ms
[2024-01-03T17:56:46.287+0700][10.207s] GC(6) Concurrent Rebuild Remembered Sets
[2024-01-03T17:56:46.300+0700][10.219s] GC(6) Concurrent Rebuild Remembered Sets 12.499ms
[2024-01-03T17:56:46.300+0700][10.220s] GC(6) Pause Cleanup
[2024-01-03T17:56:46.300+0700][10.220s] GC(6) Pause Cleanup 39M->39M(512M) 0.121ms
[2024-01-03T17:56:46.300+0700][10.220s] GC(6) User=0.00s Sys=0.00s Real=0.00s
[2024-01-03T17:56:46.300+0700][10.220s] GC(6) Concurrent Cleanup for Next Mark
[2024-01-03T17:56:46.302+0700][10.222s] GC(6) Concurrent Cleanup for Next Mark 1.967ms
[2024-01-03T17:56:46.302+0700][10.222s] GC(6) Concurrent Mark Cycle 54.300ms
