[2024-01-01T16:23:56.971+0700][0.024s] Using G1
[2024-01-01T16:23:57.330+0700][0.383s] Version: 17.0.9+11-LTS-201 (release)
[2024-01-01T16:23:57.330+0700][0.383s] CPUs: 4 total, 4 available
[2024-01-01T16:23:57.330+0700][0.383s] Memory: 8075M
[2024-01-01T16:23:57.330+0700][0.383s] Large Page Support: Disabled
[2024-01-01T16:23:57.330+0700][0.383s] NUMA Support: Disabled
[2024-01-01T16:23:57.331+0700][0.383s] Compressed Oops: Enabled (32-bit)
[2024-01-01T16:23:57.331+0700][0.383s] Heap Region Size: 1M
[2024-01-01T16:23:57.331+0700][0.383s] Heap Min Capacity: 512M
[2024-01-01T16:23:57.331+0700][0.383s] Heap Initial Capacity: 512M
[2024-01-01T16:23:57.331+0700][0.383s] Heap Max Capacity: 512M
[2024-01-01T16:23:57.331+0700][0.383s] Pre-touch: Enabled
[2024-01-01T16:23:57.332+0700][0.385s] Parallel Workers: 4
[2024-01-01T16:23:57.332+0700][0.385s] Concurrent Workers: 1
[2024-01-01T16:23:57.332+0700][0.385s] Concurrent Refinement Workers: 4
[2024-01-01T16:23:57.332+0700][0.385s] Periodic GC: Disabled
[2024-01-01T16:23:57.345+0700][0.397s] CDS archive(s) mapped at: [0x000001d800000000-0x000001d800bd0000-0x000001d800bd0000), size 12386304, SharedBaseAddress: 0x000001d800000000, ArchiveRelocationMode: 1.
[2024-01-01T16:23:57.345+0700][0.397s] Compressed class space mapped at: 0x000001d801000000-0x000001d841000000, reserved size: 1073741824
[2024-01-01T16:23:57.345+0700][0.397s] Narrow klass base: 0x000001d800000000, Narrow klass shift: 0, Narrow klass range: 0x100000000
[2024-01-01T16:24:02.381+0700][5.434s] GC(0) Pause Young (Normal) (G1 Evacuation Pause)
[2024-01-01T16:24:02.381+0700][5.434s] GC(0) Using 4 workers of 4 for evacuation
[2024-01-01T16:24:02.386+0700][5.439s] GC(0)   Pre Evacuate Collection Set: 0.1ms
[2024-01-01T16:24:02.386+0700][5.439s] GC(0)   Merge Heap Roots: 0.3ms
[2024-01-01T16:24:02.386+0700][5.439s] GC(0)   Evacuate Collection Set: 3.2ms
[2024-01-01T16:24:02.386+0700][5.439s] GC(0)   Post Evacuate Collection Set: 0.9ms
[2024-01-01T16:24:02.386+0700][5.439s] GC(0)   Other: 0.5ms
[2024-01-01T16:24:02.386+0700][5.439s] GC(0) Eden regions: 25->0(30)
[2024-01-01T16:24:02.386+0700][5.439s] GC(0) Survivor regions: 0->4(4)
[2024-01-01T16:24:02.386+0700][5.439s] GC(0) Old regions: 0->0
[2024-01-01T16:24:02.386+0700][5.439s] GC(0) Archive regions: 0->0
[2024-01-01T16:24:02.386+0700][5.439s] GC(0) Humongous regions: 0->0
[2024-01-01T16:24:02.386+0700][5.439s] GC(0) Metaspace: 6595K(6848K)->6595K(6848K) NonClass: 5823K(5952K)->5823K(5952K) Class: 771K(896K)->771K(896K)
[2024-01-01T16:24:02.386+0700][5.440s] GC(0) Pause Young (Normal) (G1 Evacuation Pause) 25M->3M(512M) 5.753ms
[2024-01-01T16:24:02.386+0700][5.440s] GC(0) User=0.00s Sys=0.00s Real=0.00s
[2024-01-01T16:24:03.480+0700][6.532s] GC(1) Pause Young (Normal) (G1 Evacuation Pause)
[2024-01-01T16:24:03.480+0700][6.532s] GC(1) Using 4 workers of 4 for evacuation
[2024-01-01T16:24:03.491+0700][6.544s] GC(1)   Pre Evacuate Collection Set: 0.1ms
[2024-01-01T16:24:03.491+0700][6.544s] GC(1)   Merge Heap Roots: 0.0ms
[2024-01-01T16:24:03.491+0700][6.544s] GC(1)   Evacuate Collection Set: 10.8ms
[2024-01-01T16:24:03.491+0700][6.544s] GC(1)   Post Evacuate Collection Set: 0.5ms
[2024-01-01T16:24:03.491+0700][6.544s] GC(1)   Other: 0.2ms
[2024-01-01T16:24:03.491+0700][6.544s] GC(1) Eden regions: 29->0(64)
[2024-01-01T16:24:03.491+0700][6.544s] GC(1) Survivor regions: 4->5(5)
[2024-01-01T16:24:03.491+0700][6.544s] GC(1) Old regions: 0->9
[2024-01-01T16:24:03.491+0700][6.544s] GC(1) Archive regions: 0->0
[2024-01-01T16:24:03.491+0700][6.544s] GC(1) Humongous regions: 4->4
[2024-01-01T16:24:03.491+0700][6.544s] GC(1) Metaspace: 15776K(16000K)->15776K(16000K) NonClass: 13916K(14016K)->13916K(14016K) Class: 1860K(1984K)->1860K(1984K)
[2024-01-01T16:24:03.491+0700][6.544s] GC(1) Pause Young (Normal) (G1 Evacuation Pause) 36M->17M(512M) 11.875ms
[2024-01-01T16:24:03.491+0700][6.544s] GC(1) User=0.06s Sys=0.00s Real=0.01s
[2024-01-01T16:24:05.452+0700][8.504s] GC(2) Pause Young (Normal) (G1 Evacuation Pause)
[2024-01-01T16:24:05.452+0700][8.504s] GC(2) Using 4 workers of 4 for evacuation
[2024-01-01T16:24:05.458+0700][8.510s] GC(2)   Pre Evacuate Collection Set: 0.1ms
[2024-01-01T16:24:05.458+0700][8.510s] GC(2)   Merge Heap Roots: 0.1ms
[2024-01-01T16:24:05.458+0700][8.510s] GC(2)   Evacuate Collection Set: 5.2ms
[2024-01-01T16:24:05.458+0700][8.510s] GC(2)   Post Evacuate Collection Set: 0.4ms
[2024-01-01T16:24:05.458+0700][8.510s] GC(2)   Other: 0.2ms
[2024-01-01T16:24:05.458+0700][8.510s] GC(2) Eden regions: 55->0(122)
[2024-01-01T16:24:05.458+0700][8.510s] GC(2) Survivor regions: 5->3(8)
[2024-01-01T16:24:05.458+0700][8.510s] GC(2) Old regions: 9->14
[2024-01-01T16:24:05.458+0700][8.510s] GC(2) Archive regions: 0->0
[2024-01-01T16:24:05.458+0700][8.510s] GC(2) Humongous regions: 4->4
[2024-01-01T16:24:05.458+0700][8.510s] GC(2) Metaspace: 18544K(18816K)->18544K(18816K) NonClass: 16364K(16512K)->16364K(16512K) Class: 2180K(2304K)->2180K(2304K)
[2024-01-01T16:24:05.458+0700][8.510s] GC(2) Pause Young (Normal) (G1 Evacuation Pause) 72M->20M(512M) 6.197ms
[2024-01-01T16:24:05.458+0700][8.510s] GC(2) User=0.06s Sys=0.00s Real=0.01s
[2024-01-01T16:24:06.499+0700][9.552s] GC(3) Pause Young (Concurrent Start) (Metadata GC Threshold)
[2024-01-01T16:24:06.499+0700][9.552s] GC(3) Using 4 workers of 4 for evacuation
[2024-01-01T16:24:06.504+0700][9.557s] GC(3)   Pre Evacuate Collection Set: 0.1ms
[2024-01-01T16:24:06.504+0700][9.557s] GC(3)   Merge Heap Roots: 0.1ms
[2024-01-01T16:24:06.504+0700][9.557s] GC(3)   Evacuate Collection Set: 3.6ms
[2024-01-01T16:24:06.504+0700][9.557s] GC(3)   Post Evacuate Collection Set: 0.5ms
[2024-01-01T16:24:06.504+0700][9.557s] GC(3)   Other: 0.5ms
[2024-01-01T16:24:06.504+0700][9.557s] GC(3) Eden regions: 84->0(140)
[2024-01-01T16:24:06.504+0700][9.557s] GC(3) Survivor regions: 3->6(16)
[2024-01-01T16:24:06.504+0700][9.557s] GC(3) Old regions: 14->14
[2024-01-01T16:24:06.504+0700][9.557s] GC(3) Archive regions: 0->0
[2024-01-01T16:24:06.504+0700][9.557s] GC(3) Humongous regions: 4->4
[2024-01-01T16:24:06.504+0700][9.557s] GC(3) Metaspace: 21209K(21504K)->21209K(21504K) NonClass: 18713K(18880K)->18713K(18880K) Class: 2496K(2624K)->2496K(2624K)
[2024-01-01T16:24:06.504+0700][9.557s] GC(3) Pause Young (Concurrent Start) (Metadata GC Threshold) 104M->23M(512M) 5.056ms
[2024-01-01T16:24:06.504+0700][9.557s] GC(3) User=0.06s Sys=0.00s Real=0.00s
[2024-01-01T16:24:06.504+0700][9.557s] GC(4) Concurrent Mark Cycle
[2024-01-01T16:24:06.504+0700][9.557s] GC(4) Concurrent Clear Claimed Marks
[2024-01-01T16:24:06.504+0700][9.557s] GC(4) Concurrent Clear Claimed Marks 0.037ms
[2024-01-01T16:24:06.504+0700][9.557s] GC(4) Concurrent Scan Root Regions
[2024-01-01T16:24:06.506+0700][9.560s] GC(4) Concurrent Scan Root Regions 2.509ms
[2024-01-01T16:24:06.506+0700][9.560s] GC(4) Concurrent Mark
[2024-01-01T16:24:06.506+0700][9.560s] GC(4) Concurrent Mark From Roots
[2024-01-01T16:24:06.506+0700][9.560s] GC(4) Using 1 workers of 1 for marking
[2024-01-01T16:24:06.536+0700][9.589s] GC(4) Concurrent Mark From Roots 29.229ms
[2024-01-01T16:24:06.536+0700][9.589s] GC(4) Concurrent Preclean
[2024-01-01T16:24:06.536+0700][9.589s] GC(4) Concurrent Preclean 0.177ms
[2024-01-01T16:24:06.537+0700][9.589s] GC(4) Pause Remark
[2024-01-01T16:24:06.539+0700][9.592s] GC(4) Pause Remark 24M->24M(512M) 2.789ms
[2024-01-01T16:24:06.539+0700][9.592s] GC(4) User=0.00s Sys=0.00s Real=0.00s
[2024-01-01T16:24:06.539+0700][9.593s] GC(4) Concurrent Mark 32.953ms
[2024-01-01T16:24:06.539+0700][9.593s] GC(4) Concurrent Rebuild Remembered Sets
[2024-01-01T16:24:06.552+0700][9.606s] GC(4) Concurrent Rebuild Remembered Sets 12.843ms
[2024-01-01T16:24:06.552+0700][9.606s] GC(4) Pause Cleanup
[2024-01-01T16:24:06.554+0700][9.606s] GC(4) Pause Cleanup 24M->24M(512M) 0.137ms
[2024-01-01T16:24:06.554+0700][9.606s] GC(4) User=0.00s Sys=0.00s Real=0.00s
[2024-01-01T16:24:06.554+0700][9.606s] GC(4) Concurrent Cleanup for Next Mark
[2024-01-01T16:24:06.555+0700][9.608s] GC(4) Concurrent Cleanup for Next Mark 1.687ms
[2024-01-01T16:24:06.555+0700][9.608s] GC(4) Concurrent Mark Cycle 51.071ms
[2024-01-01T16:24:08.998+0700][12.051s] GC(5) Pause Young (Concurrent Start) (Metadata GC Threshold)
[2024-01-01T16:24:08.998+0700][12.051s] GC(5) Using 4 workers of 4 for evacuation
[2024-01-01T16:24:09.007+0700][12.060s] GC(5)   Pre Evacuate Collection Set: 0.1ms
[2024-01-01T16:24:09.007+0700][12.060s] GC(5)   Merge Heap Roots: 0.1ms
[2024-01-01T16:24:09.007+0700][12.060s] GC(5)   Evacuate Collection Set: 8.3ms
[2024-01-01T16:24:09.007+0700][12.060s] GC(5)   Post Evacuate Collection Set: 0.7ms
[2024-01-01T16:24:09.007+0700][12.060s] GC(5)   Other: 0.3ms
[2024-01-01T16:24:09.007+0700][12.060s] GC(5) Eden regions: 120->0(294)
[2024-01-01T16:24:09.007+0700][12.060s] GC(5) Survivor regions: 6->13(20)
[2024-01-01T16:24:09.007+0700][12.060s] GC(5) Old regions: 14->14
[2024-01-01T16:24:09.007+0700][12.060s] GC(5) Archive regions: 0->0
[2024-01-01T16:24:09.007+0700][12.060s] GC(5) Humongous regions: 5->4
[2024-01-01T16:24:09.007+0700][12.060s] GC(5) Metaspace: 35715K(36096K)->35715K(36096K) NonClass: 31424K(31616K)->31424K(31616K) Class: 4290K(4480K)->4290K(4480K)
[2024-01-01T16:24:09.007+0700][12.060s] GC(5) Pause Young (Concurrent Start) (Metadata GC Threshold) 144M->29M(512M) 9.845ms
[2024-01-01T16:24:09.007+0700][12.060s] GC(5) User=0.06s Sys=0.00s Real=0.01s
[2024-01-01T16:24:09.007+0700][12.061s] GC(6) Concurrent Mark Cycle
[2024-01-01T16:24:09.007+0700][12.061s] GC(6) Concurrent Clear Claimed Marks
[2024-01-01T16:24:09.007+0700][12.061s] GC(6) Concurrent Clear Claimed Marks 0.041ms
[2024-01-01T16:24:09.007+0700][12.061s] GC(6) Concurrent Scan Root Regions
[2024-01-01T16:24:09.014+0700][12.068s] GC(6) Concurrent Scan Root Regions 6.961ms
[2024-01-01T16:24:09.014+0700][12.068s] GC(6) Concurrent Mark
[2024-01-01T16:24:09.014+0700][12.068s] GC(6) Concurrent Mark From Roots
[2024-01-01T16:24:09.014+0700][12.068s] GC(6) Using 1 workers of 1 for marking
[2024-01-01T16:24:09.043+0700][12.097s] GC(6) Concurrent Mark From Roots 28.921ms
[2024-01-01T16:24:09.043+0700][12.097s] GC(6) Concurrent Preclean
[2024-01-01T16:24:09.043+0700][12.097s] GC(6) Concurrent Preclean 0.131ms
[2024-01-01T16:24:09.044+0700][12.097s] GC(6) Pause Remark
[2024-01-01T16:24:09.048+0700][12.101s] GC(6) Pause Remark 31M->31M(512M) 3.573ms
[2024-01-01T16:24:09.048+0700][12.101s] GC(6) User=0.00s Sys=0.00s Real=0.00s
[2024-01-01T16:24:09.048+0700][12.101s] GC(6) Concurrent Mark 33.261ms
[2024-01-01T16:24:09.048+0700][12.101s] GC(6) Concurrent Rebuild Remembered Sets
[2024-01-01T16:24:09.060+0700][12.113s] GC(6) Concurrent Rebuild Remembered Sets 12.378ms
[2024-01-01T16:24:09.061+0700][12.114s] GC(6) Pause Cleanup
[2024-01-01T16:24:09.061+0700][12.114s] GC(6) Pause Cleanup 31M->31M(512M) 0.108ms
[2024-01-01T16:24:09.061+0700][12.114s] GC(6) User=0.00s Sys=0.00s Real=0.00s
[2024-01-01T16:24:09.061+0700][12.114s] GC(6) Concurrent Cleanup for Next Mark
[2024-01-01T16:24:09.062+0700][12.115s] GC(6) Concurrent Cleanup for Next Mark 1.409ms
[2024-01-01T16:24:09.062+0700][12.115s] GC(6) Concurrent Mark Cycle 54.895ms
[2024-01-01T16:24:45.102+0700][48.155s] GC(7) Pause Young (Normal) (G1 Evacuation Pause)
[2024-01-01T16:24:45.102+0700][48.155s] GC(7) Using 4 workers of 4 for evacuation
[2024-01-01T16:24:45.127+0700][48.180s] GC(7)   Pre Evacuate Collection Set: 0.1ms
[2024-01-01T16:24:45.127+0700][48.180s] GC(7)   Merge Heap Roots: 0.1ms
[2024-01-01T16:24:45.127+0700][48.180s] GC(7)   Evacuate Collection Set: 23.3ms
[2024-01-01T16:24:45.127+0700][48.180s] GC(7)   Post Evacuate Collection Set: 1.5ms
[2024-01-01T16:24:45.127+0700][48.180s] GC(7)   Other: 0.3ms
[2024-01-01T16:24:45.127+0700][48.180s] GC(7) Eden regions: 294->0(276)
[2024-01-01T16:24:45.127+0700][48.180s] GC(7) Survivor regions: 13->31(39)
[2024-01-01T16:24:45.127+0700][48.180s] GC(7) Old regions: 14->14
[2024-01-01T16:24:45.127+0700][48.180s] GC(7) Archive regions: 0->0
[2024-01-01T16:24:45.127+0700][48.180s] GC(7) Humongous regions: 5->4
[2024-01-01T16:24:45.127+0700][48.180s] GC(7) Metaspace: 55844K(56320K)->55844K(56320K) NonClass: 48840K(49088K)->48840K(49088K) Class: 7003K(7232K)->7003K(7232K)
[2024-01-01T16:24:45.127+0700][48.180s] GC(7) Pause Young (Normal) (G1 Evacuation Pause) 324M->48M(512M) 25.472ms
[2024-01-01T16:24:45.127+0700][48.180s] GC(7) User=0.06s Sys=0.00s Real=0.03s
