[2024-01-05T09:54:29.030+0700][0.026s] Using G1
[2024-01-05T09:54:29.544+0700][0.540s] Version: 17.0.9+11-LTS-201 (release)
[2024-01-05T09:54:29.544+0700][0.541s] CPUs: 4 total, 4 available
[2024-01-05T09:54:29.544+0700][0.541s] Memory: 8075M
[2024-01-05T09:54:29.544+0700][0.541s] Large Page Support: Disabled
[2024-01-05T09:54:29.544+0700][0.541s] NUMA Support: Disabled
[2024-01-05T09:54:29.544+0700][0.541s] Compressed Oops: Enabled (32-bit)
[2024-01-05T09:54:29.544+0700][0.541s] Heap Region Size: 1M
[2024-01-05T09:54:29.544+0700][0.541s] Heap Min Capacity: 512M
[2024-01-05T09:54:29.544+0700][0.541s] Heap Initial Capacity: 512M
[2024-01-05T09:54:29.544+0700][0.541s] Heap Max Capacity: 512M
[2024-01-05T09:54:29.544+0700][0.541s] Pre-touch: Enabled
[2024-01-05T09:54:29.556+0700][0.552s] Parallel Workers: 4
[2024-01-05T09:54:29.556+0700][0.552s] Concurrent Workers: 1
[2024-01-05T09:54:29.556+0700][0.552s] Concurrent Refinement Workers: 4
[2024-01-05T09:54:29.556+0700][0.552s] Periodic GC: Disabled
[2024-01-05T09:54:29.645+0700][0.642s] CDS archive(s) mapped at: [0x0000018f8f000000-0x0000018f8fbd0000-0x0000018f8fbd0000), size 12386304, SharedBaseAddress: 0x0000018f8f000000, ArchiveRelocationMode: 1.
[2024-01-05T09:54:29.645+0700][0.642s] Compressed class space mapped at: 0x0000018f90000000-0x0000018fd0000000, reserved size: 1073741824
[2024-01-05T09:54:29.645+0700][0.642s] Narrow klass base: 0x0000018f8f000000, Narrow klass shift: 0, Narrow klass range: 0x100000000
[2024-01-05T09:54:34.535+0700][5.532s] GC(0) Pause Young (Normal) (G1 Evacuation Pause)
[2024-01-05T09:54:34.536+0700][5.533s] GC(0) Using 4 workers of 4 for evacuation
[2024-01-05T09:54:34.542+0700][5.539s] GC(0)   Pre Evacuate Collection Set: 0.1ms
[2024-01-05T09:54:34.542+0700][5.539s] GC(0)   Merge Heap Roots: 0.1ms
[2024-01-05T09:54:34.542+0700][5.539s] GC(0)   Evacuate Collection Set: 5.2ms
[2024-01-05T09:54:34.542+0700][5.539s] GC(0)   Post Evacuate Collection Set: 0.5ms
[2024-01-05T09:54:34.542+0700][5.539s] GC(0)   Other: 0.6ms
[2024-01-05T09:54:34.542+0700][5.539s] GC(0) Eden regions: 25->0(30)
[2024-01-05T09:54:34.542+0700][5.539s] GC(0) Survivor regions: 0->4(4)
[2024-01-05T09:54:34.542+0700][5.539s] GC(0) Old regions: 0->0
[2024-01-05T09:54:34.542+0700][5.539s] GC(0) Archive regions: 0->0
[2024-01-05T09:54:34.542+0700][5.539s] GC(0) Humongous regions: 0->0
[2024-01-05T09:54:34.542+0700][5.539s] GC(0) Metaspace: 6591K(6848K)->6591K(6848K) NonClass: 5819K(5952K)->5819K(5952K) Class: 771K(896K)->771K(896K)
[2024-01-05T09:54:34.542+0700][5.539s] GC(0) Pause Young (Normal) (G1 Evacuation Pause) 25M->3M(512M) 6.663ms
[2024-01-05T09:54:34.542+0700][5.539s] GC(0) User=0.00s Sys=0.00s Real=0.01s
[2024-01-05T09:54:35.796+0700][6.793s] GC(1) Pause Young (Normal) (G1 Evacuation Pause)
[2024-01-05T09:54:35.796+0700][6.793s] GC(1) Using 4 workers of 4 for evacuation
[2024-01-05T09:54:35.808+0700][6.805s] GC(1)   Pre Evacuate Collection Set: 0.1ms
[2024-01-05T09:54:35.808+0700][6.805s] GC(1)   Merge Heap Roots: 0.0ms
[2024-01-05T09:54:35.808+0700][6.805s] GC(1)   Evacuate Collection Set: 11.2ms
[2024-01-05T09:54:35.808+0700][6.805s] GC(1)   Post Evacuate Collection Set: 0.6ms
[2024-01-05T09:54:35.808+0700][6.805s] GC(1)   Other: 0.2ms
[2024-01-05T09:54:35.808+0700][6.805s] GC(1) Eden regions: 29->0(64)
[2024-01-05T09:54:35.808+0700][6.805s] GC(1) Survivor regions: 4->5(5)
[2024-01-05T09:54:35.808+0700][6.805s] GC(1) Old regions: 0->9
[2024-01-05T09:54:35.808+0700][6.805s] GC(1) Archive regions: 0->0
[2024-01-05T09:54:35.808+0700][6.805s] GC(1) Humongous regions: 4->4
[2024-01-05T09:54:35.808+0700][6.805s] GC(1) Metaspace: 15764K(16000K)->15764K(16000K) NonClass: 13907K(14016K)->13907K(14016K) Class: 1856K(1984K)->1856K(1984K)
[2024-01-05T09:54:35.808+0700][6.805s] GC(1) Pause Young (Normal) (G1 Evacuation Pause) 36M->17M(512M) 12.440ms
[2024-01-05T09:54:35.808+0700][6.805s] GC(1) User=0.06s Sys=0.00s Real=0.01s
[2024-01-05T09:54:37.195+0700][8.192s] GC(2) Pause Young (Normal) (G1 Evacuation Pause)
[2024-01-05T09:54:37.195+0700][8.192s] GC(2) Using 4 workers of 4 for evacuation
[2024-01-05T09:54:37.201+0700][8.198s] GC(2)   Pre Evacuate Collection Set: 0.1ms
[2024-01-05T09:54:37.201+0700][8.198s] GC(2)   Merge Heap Roots: 0.1ms
[2024-01-05T09:54:37.201+0700][8.198s] GC(2)   Evacuate Collection Set: 5.7ms
[2024-01-05T09:54:37.201+0700][8.198s] GC(2)   Post Evacuate Collection Set: 0.4ms
[2024-01-05T09:54:37.201+0700][8.198s] GC(2)   Other: 0.2ms
[2024-01-05T09:54:37.201+0700][8.198s] GC(2) Eden regions: 56->0(114)
[2024-01-05T09:54:37.201+0700][8.198s] GC(2) Survivor regions: 5->3(8)
[2024-01-05T09:54:37.201+0700][8.198s] GC(2) Old regions: 9->14
[2024-01-05T09:54:37.201+0700][8.198s] GC(2) Archive regions: 0->0
[2024-01-05T09:54:37.201+0700][8.198s] GC(2) Humongous regions: 4->4
[2024-01-05T09:54:37.201+0700][8.198s] GC(2) Metaspace: 18517K(18816K)->18517K(18816K) NonClass: 16338K(16512K)->16338K(16512K) Class: 2179K(2304K)->2179K(2304K)
[2024-01-05T09:54:37.201+0700][8.198s] GC(2) Pause Young (Normal) (G1 Evacuation Pause) 73M->20M(512M) 6.755ms
[2024-01-05T09:54:37.201+0700][8.198s] GC(2) User=0.00s Sys=0.00s Real=0.01s
[2024-01-05T09:54:38.374+0700][9.371s] GC(3) Pause Young (Concurrent Start) (Metadata GC Threshold)
[2024-01-05T09:54:38.374+0700][9.371s] GC(3) Using 4 workers of 4 for evacuation
[2024-01-05T09:54:38.378+0700][9.375s] GC(3)   Pre Evacuate Collection Set: 0.1ms
[2024-01-05T09:54:38.378+0700][9.375s] GC(3)   Merge Heap Roots: 0.1ms
[2024-01-05T09:54:38.378+0700][9.375s] GC(3)   Evacuate Collection Set: 2.8ms
[2024-01-05T09:54:38.378+0700][9.375s] GC(3)   Post Evacuate Collection Set: 0.5ms
[2024-01-05T09:54:38.378+0700][9.375s] GC(3)   Other: 0.2ms
[2024-01-05T09:54:38.378+0700][9.375s] GC(3) Eden regions: 82->0(301)
[2024-01-05T09:54:38.378+0700][9.375s] GC(3) Survivor regions: 3->6(15)
[2024-01-05T09:54:38.378+0700][9.375s] GC(3) Old regions: 14->14
[2024-01-05T09:54:38.378+0700][9.375s] GC(3) Archive regions: 0->0
[2024-01-05T09:54:38.378+0700][9.375s] GC(3) Humongous regions: 4->4
[2024-01-05T09:54:38.378+0700][9.375s] GC(3) Metaspace: 21196K(21504K)->21196K(21504K) NonClass: 18695K(18816K)->18695K(18816K) Class: 2500K(2688K)->2500K(2688K)
[2024-01-05T09:54:38.378+0700][9.375s] GC(3) Pause Young (Concurrent Start) (Metadata GC Threshold) 102M->23M(512M) 4.012ms
[2024-01-05T09:54:38.378+0700][9.375s] GC(3) User=0.00s Sys=0.00s Real=0.00s
[2024-01-05T09:54:38.378+0700][9.375s] GC(4) Concurrent Mark Cycle
[2024-01-05T09:54:38.378+0700][9.375s] GC(4) Concurrent Clear Claimed Marks
[2024-01-05T09:54:38.378+0700][9.375s] GC(4) Concurrent Clear Claimed Marks 0.032ms
[2024-01-05T09:54:38.378+0700][9.375s] GC(4) Concurrent Scan Root Regions
[2024-01-05T09:54:38.381+0700][9.377s] GC(4) Concurrent Scan Root Regions 2.302ms
[2024-01-05T09:54:38.381+0700][9.378s] GC(4) Concurrent Mark
[2024-01-05T09:54:38.381+0700][9.378s] GC(4) Concurrent Mark From Roots
[2024-01-05T09:54:38.381+0700][9.378s] GC(4) Using 1 workers of 1 for marking
[2024-01-05T09:54:38.408+0700][9.405s] GC(4) Concurrent Mark From Roots 27.312ms
[2024-01-05T09:54:38.408+0700][9.405s] GC(4) Concurrent Preclean
[2024-01-05T09:54:38.409+0700][9.405s] GC(4) Concurrent Preclean 0.144ms
[2024-01-05T09:54:38.416+0700][9.413s] GC(4) Pause Remark
[2024-01-05T09:54:38.418+0700][9.415s] GC(4) Pause Remark 24M->24M(512M) 2.028ms
[2024-01-05T09:54:38.418+0700][9.415s] GC(4) User=0.00s Sys=0.00s Real=0.00s
[2024-01-05T09:54:38.418+0700][9.415s] GC(4) Concurrent Mark 37.673ms
[2024-01-05T09:54:38.418+0700][9.415s] GC(4) Concurrent Rebuild Remembered Sets
[2024-01-05T09:54:38.431+0700][9.428s] GC(4) Concurrent Rebuild Remembered Sets 12.621ms
[2024-01-05T09:54:38.431+0700][9.428s] GC(4) Pause Cleanup
[2024-01-05T09:54:38.432+0700][9.428s] GC(4) Pause Cleanup 24M->24M(512M) 0.155ms
[2024-01-05T09:54:38.432+0700][9.428s] GC(4) User=0.00s Sys=0.00s Real=0.00s
[2024-01-05T09:54:38.432+0700][9.429s] GC(4) Concurrent Cleanup for Next Mark
[2024-01-05T09:54:38.433+0700][9.430s] GC(4) Concurrent Cleanup for Next Mark 1.448ms
[2024-01-05T09:54:38.433+0700][9.431s] GC(4) Concurrent Mark Cycle 55.488ms
[2024-01-05T09:54:41.254+0700][12.252s] GC(5) Pause Young (Concurrent Start) (Metadata GC Threshold)
[2024-01-05T09:54:41.255+0700][12.252s] GC(5) Using 4 workers of 4 for evacuation
[2024-01-05T09:54:41.268+0700][12.265s] GC(5)   Pre Evacuate Collection Set: 0.1ms
[2024-01-05T09:54:41.268+0700][12.265s] GC(5)   Merge Heap Roots: 0.1ms
[2024-01-05T09:54:41.268+0700][12.265s] GC(5)   Evacuate Collection Set: 11.8ms
[2024-01-05T09:54:41.268+0700][12.265s] GC(5)   Post Evacuate Collection Set: 0.8ms
[2024-01-05T09:54:41.268+0700][12.265s] GC(5)   Other: 0.6ms
[2024-01-05T09:54:41.268+0700][12.265s] GC(5) Eden regions: 114->0(294)
[2024-01-05T09:54:41.268+0700][12.265s] GC(5) Survivor regions: 6->13(39)
[2024-01-05T09:54:41.268+0700][12.265s] GC(5) Old regions: 14->14
[2024-01-05T09:54:41.268+0700][12.265s] GC(5) Archive regions: 0->0
[2024-01-05T09:54:41.268+0700][12.265s] GC(5) Humongous regions: 5->4
[2024-01-05T09:54:41.268+0700][12.265s] GC(5) Metaspace: 35587K(35968K)->35587K(35968K) NonClass: 31309K(31488K)->31309K(31488K) Class: 4278K(4480K)->4278K(4480K)
[2024-01-05T09:54:41.268+0700][12.265s] GC(5) Pause Young (Concurrent Start) (Metadata GC Threshold) 138M->29M(512M) 13.754ms
[2024-01-05T09:54:41.268+0700][12.265s] GC(5) User=0.00s Sys=0.00s Real=0.01s
[2024-01-05T09:54:41.268+0700][12.265s] GC(6) Concurrent Mark Cycle
[2024-01-05T09:54:41.268+0700][12.266s] GC(6) Concurrent Clear Claimed Marks
[2024-01-05T09:54:41.268+0700][12.266s] GC(6) Concurrent Clear Claimed Marks 0.038ms
[2024-01-05T09:54:41.268+0700][12.266s] GC(6) Concurrent Scan Root Regions
[2024-01-05T09:54:41.310+0700][12.307s] GC(6) Concurrent Scan Root Regions 41.367ms
[2024-01-05T09:54:41.310+0700][12.307s] GC(6) Concurrent Mark
[2024-01-05T09:54:41.310+0700][12.307s] GC(6) Concurrent Mark From Roots
[2024-01-05T09:54:41.310+0700][12.307s] GC(6) Using 1 workers of 1 for marking
[2024-01-05T09:54:41.351+0700][12.348s] GC(6) Concurrent Mark From Roots 40.705ms
[2024-01-05T09:54:41.351+0700][12.348s] GC(6) Concurrent Preclean
[2024-01-05T09:54:41.351+0700][12.348s] GC(6) Concurrent Preclean 0.153ms
[2024-01-05T09:54:41.364+0700][12.360s] GC(6) Pause Remark
[2024-01-05T09:54:41.366+0700][12.363s] GC(6) Pause Remark 32M->32M(512M) 3.410ms
[2024-01-05T09:54:41.366+0700][12.363s] GC(6) User=0.00s Sys=0.00s Real=0.00s
[2024-01-05T09:54:41.369+0700][12.366s] GC(6) Concurrent Mark 59.117ms
[2024-01-05T09:54:41.369+0700][12.366s] GC(6) Concurrent Rebuild Remembered Sets
[2024-01-05T09:54:41.383+0700][12.381s] GC(6) Concurrent Rebuild Remembered Sets 14.401ms
[2024-01-05T09:54:41.384+0700][12.381s] GC(6) Pause Cleanup
[2024-01-05T09:54:41.384+0700][12.381s] GC(6) Pause Cleanup 33M->33M(512M) 0.137ms
[2024-01-05T09:54:41.384+0700][12.381s] GC(6) User=0.00s Sys=0.00s Real=0.00s
[2024-01-05T09:54:41.385+0700][12.382s] GC(6) Concurrent Cleanup for Next Mark
[2024-01-05T09:54:41.387+0700][12.384s] GC(6) Concurrent Cleanup for Next Mark 2.209ms
[2024-01-05T09:54:41.387+0700][12.385s] GC(6) Concurrent Mark Cycle 119.082ms
