[2024-06-09T10:11:06.456+0700][0.023s] Using G1
[2024-06-09T10:11:06.766+0700][0.332s] Version: 17.0.9+11-LTS-201 (release)
[2024-06-09T10:11:06.766+0700][0.332s] CPUs: 4 total, 4 available
[2024-06-09T10:11:06.766+0700][0.332s] Memory: 8075M
[2024-06-09T10:11:06.766+0700][0.332s] Large Page Support: Disabled
[2024-06-09T10:11:06.766+0700][0.332s] NUMA Support: Disabled
[2024-06-09T10:11:06.766+0700][0.332s] Compressed Oops: Enabled (32-bit)
[2024-06-09T10:11:06.766+0700][0.332s] Heap Region Size: 1M
[2024-06-09T10:11:06.766+0700][0.332s] Heap Min Capacity: 512M
[2024-06-09T10:11:06.766+0700][0.332s] Heap Initial Capacity: 512M
[2024-06-09T10:11:06.766+0700][0.332s] Heap Max Capacity: 512M
[2024-06-09T10:11:06.766+0700][0.332s] Pre-touch: Enabled
[2024-06-09T10:11:06.766+0700][0.333s] Parallel Workers: 4
[2024-06-09T10:11:06.766+0700][0.333s] Concurrent Workers: 1
[2024-06-09T10:11:06.766+0700][0.333s] Concurrent Refinement Workers: 4
[2024-06-09T10:11:06.766+0700][0.333s] Periodic GC: Disabled
[2024-06-09T10:11:06.777+0700][0.344s] CDS archive(s) mapped at: [0x0000014d80000000-0x0000014d80bd0000-0x0000014d80bd0000), size 12386304, SharedBaseAddress: 0x0000014d80000000, ArchiveRelocationMode: 1.
[2024-06-09T10:11:06.777+0700][0.344s] Compressed class space mapped at: 0x0000014d81000000-0x0000014dc1000000, reserved size: 1073741824
[2024-06-09T10:11:06.777+0700][0.344s] Narrow klass base: 0x0000014d80000000, Narrow klass shift: 0, Narrow klass range: 0x100000000
[2024-06-09T10:11:10.637+0700][4.204s] GC(0) Pause Young (Normal) (G1 Evacuation Pause)
[2024-06-09T10:11:10.638+0700][4.204s] GC(0) Using 4 workers of 4 for evacuation
[2024-06-09T10:11:10.642+0700][4.209s] GC(0)   Pre Evacuate Collection Set: 0.1ms
[2024-06-09T10:11:10.642+0700][4.209s] GC(0)   Merge Heap Roots: 0.1ms
[2024-06-09T10:11:10.642+0700][4.209s] GC(0)   Evacuate Collection Set: 3.8ms
[2024-06-09T10:11:10.642+0700][4.209s] GC(0)   Post Evacuate Collection Set: 0.4ms
[2024-06-09T10:11:10.642+0700][4.209s] GC(0)   Other: 0.3ms
[2024-06-09T10:11:10.642+0700][4.209s] GC(0) Eden regions: 25->0(30)
[2024-06-09T10:11:10.642+0700][4.209s] GC(0) Survivor regions: 0->4(4)
[2024-06-09T10:11:10.642+0700][4.209s] GC(0) Old regions: 0->0
[2024-06-09T10:11:10.642+0700][4.209s] GC(0) Archive regions: 0->0
[2024-06-09T10:11:10.642+0700][4.209s] GC(0) Humongous regions: 0->0
[2024-06-09T10:11:10.643+0700][4.209s] GC(0) Metaspace: 6590K(6848K)->6590K(6848K) NonClass: 5818K(5952K)->5818K(5952K) Class: 771K(896K)->771K(896K)
[2024-06-09T10:11:10.643+0700][4.209s] GC(0) Pause Young (Normal) (G1 Evacuation Pause) 25M->3M(512M) 5.236ms
[2024-06-09T10:11:10.643+0700][4.209s] GC(0) User=0.00s Sys=0.00s Real=0.01s
[2024-06-09T10:11:11.625+0700][5.191s] GC(1) Pause Young (Normal) (G1 Evacuation Pause)
[2024-06-09T10:11:11.625+0700][5.191s] GC(1) Using 4 workers of 4 for evacuation
[2024-06-09T10:11:11.636+0700][5.203s] GC(1)   Pre Evacuate Collection Set: 0.1ms
[2024-06-09T10:11:11.636+0700][5.203s] GC(1)   Merge Heap Roots: 0.1ms
[2024-06-09T10:11:11.636+0700][5.203s] GC(1)   Evacuate Collection Set: 10.3ms
[2024-06-09T10:11:11.636+0700][5.203s] GC(1)   Post Evacuate Collection Set: 0.6ms
[2024-06-09T10:11:11.636+0700][5.203s] GC(1)   Other: 0.2ms
[2024-06-09T10:11:11.636+0700][5.203s] GC(1) Eden regions: 29->0(64)
[2024-06-09T10:11:11.636+0700][5.203s] GC(1) Survivor regions: 4->5(5)
[2024-06-09T10:11:11.636+0700][5.203s] GC(1) Old regions: 0->8
[2024-06-09T10:11:11.636+0700][5.203s] GC(1) Archive regions: 0->0
[2024-06-09T10:11:11.636+0700][5.203s] GC(1) Humongous regions: 4->4
[2024-06-09T10:11:11.636+0700][5.203s] GC(1) Metaspace: 15640K(15936K)->15640K(15936K) NonClass: 13797K(13952K)->13797K(13952K) Class: 1842K(1984K)->1842K(1984K)
[2024-06-09T10:11:11.636+0700][5.203s] GC(1) Pause Young (Normal) (G1 Evacuation Pause) 36M->16M(512M) 11.508ms
[2024-06-09T10:11:11.636+0700][5.203s] GC(1) User=0.06s Sys=0.00s Real=0.01s
[2024-06-09T10:11:13.179+0700][6.745s] GC(2) Pause Young (Normal) (G1 Evacuation Pause)
[2024-06-09T10:11:13.179+0700][6.745s] GC(2) Using 4 workers of 4 for evacuation
[2024-06-09T10:11:13.186+0700][6.752s] GC(2)   Pre Evacuate Collection Set: 0.1ms
[2024-06-09T10:11:13.186+0700][6.752s] GC(2)   Merge Heap Roots: 0.1ms
[2024-06-09T10:11:13.186+0700][6.752s] GC(2)   Evacuate Collection Set: 6.1ms
[2024-06-09T10:11:13.186+0700][6.752s] GC(2)   Post Evacuate Collection Set: 0.4ms
[2024-06-09T10:11:13.186+0700][6.752s] GC(2)   Other: 0.2ms
[2024-06-09T10:11:13.186+0700][6.752s] GC(2) Eden regions: 53->0(65)
[2024-06-09T10:11:13.186+0700][6.752s] GC(2) Survivor regions: 5->3(8)
[2024-06-09T10:11:13.186+0700][6.752s] GC(2) Old regions: 8->14
[2024-06-09T10:11:13.186+0700][6.752s] GC(2) Archive regions: 0->0
[2024-06-09T10:11:13.186+0700][6.752s] GC(2) Humongous regions: 4->4
[2024-06-09T10:11:13.186+0700][6.752s] GC(2) Metaspace: 18544K(18816K)->18544K(18816K) NonClass: 16365K(16512K)->16365K(16512K) Class: 2179K(2304K)->2179K(2304K)
[2024-06-09T10:11:13.186+0700][6.752s] GC(2) Pause Young (Normal) (G1 Evacuation Pause) 69M->20M(512M) 7.144ms
[2024-06-09T10:11:13.186+0700][6.752s] GC(2) User=0.05s Sys=0.00s Real=0.01s
[2024-06-09T10:11:13.579+0700][7.145s] GC(3) Pause Young (Normal) (G1 Evacuation Pause)
[2024-06-09T10:11:13.579+0700][7.145s] GC(3) Using 4 workers of 4 for evacuation
[2024-06-09T10:11:13.583+0700][7.149s] GC(3)   Pre Evacuate Collection Set: 0.1ms
[2024-06-09T10:11:13.583+0700][7.149s] GC(3)   Merge Heap Roots: 0.0ms
[2024-06-09T10:11:13.583+0700][7.149s] GC(3)   Evacuate Collection Set: 3.3ms
[2024-06-09T10:11:13.583+0700][7.149s] GC(3)   Post Evacuate Collection Set: 0.4ms
[2024-06-09T10:11:13.583+0700][7.149s] GC(3)   Other: 0.2ms
[2024-06-09T10:11:13.583+0700][7.149s] GC(3) Eden regions: 65->0(119)
[2024-06-09T10:11:13.584+0700][7.149s] GC(3) Survivor regions: 3->6(9)
[2024-06-09T10:11:13.584+0700][7.149s] GC(3) Old regions: 14->14
[2024-06-09T10:11:13.584+0700][7.149s] GC(3) Archive regions: 0->0
[2024-06-09T10:11:13.584+0700][7.149s] GC(3) Humongous regions: 4->4
[2024-06-09T10:11:13.584+0700][7.150s] GC(3) Metaspace: 18773K(19072K)->18773K(19072K) NonClass: 16574K(16704K)->16574K(16704K) Class: 2198K(2368K)->2198K(2368K)
[2024-06-09T10:11:13.584+0700][7.150s] GC(3) Pause Young (Normal) (G1 Evacuation Pause) 85M->22M(512M) 4.238ms
[2024-06-09T10:11:13.584+0700][7.150s] GC(3) User=0.00s Sys=0.00s Real=0.01s
[2024-06-09T10:11:14.066+0700][7.632s] GC(4) Pause Young (Concurrent Start) (Metadata GC Threshold)
[2024-06-09T10:11:14.066+0700][7.632s] GC(4) Using 4 workers of 4 for evacuation
[2024-06-09T10:11:14.072+0700][7.638s] GC(4)   Pre Evacuate Collection Set: 0.1ms
[2024-06-09T10:11:14.072+0700][7.638s] GC(4)   Merge Heap Roots: 0.0ms
[2024-06-09T10:11:14.072+0700][7.638s] GC(4)   Evacuate Collection Set: 5.0ms
[2024-06-09T10:11:14.072+0700][7.638s] GC(4)   Post Evacuate Collection Set: 0.4ms
[2024-06-09T10:11:14.072+0700][7.638s] GC(4)   Other: 0.2ms
[2024-06-09T10:11:14.072+0700][7.638s] GC(4) Eden regions: 21->0(181)
[2024-06-09T10:11:14.072+0700][7.638s] GC(4) Survivor regions: 6->7(16)
[2024-06-09T10:11:14.072+0700][7.638s] GC(4) Old regions: 14->14
[2024-06-09T10:11:14.072+0700][7.638s] GC(4) Archive regions: 0->0
[2024-06-09T10:11:14.072+0700][7.638s] GC(4) Humongous regions: 4->4
[2024-06-09T10:11:14.072+0700][7.638s] GC(4) Metaspace: 21199K(21504K)->21199K(21504K) NonClass: 18702K(18880K)->18702K(18880K) Class: 2497K(2624K)->2497K(2624K)
[2024-06-09T10:11:14.072+0700][7.638s] GC(4) Pause Young (Concurrent Start) (Metadata GC Threshold) 43M->23M(512M) 6.027ms
[2024-06-09T10:11:14.072+0700][7.638s] GC(4) User=0.03s Sys=0.00s Real=0.01s
[2024-06-09T10:11:14.072+0700][7.638s] GC(5) Concurrent Mark Cycle
[2024-06-09T10:11:14.072+0700][7.638s] GC(5) Concurrent Clear Claimed Marks
[2024-06-09T10:11:14.072+0700][7.638s] GC(5) Concurrent Clear Claimed Marks 0.051ms
[2024-06-09T10:11:14.072+0700][7.638s] GC(5) Concurrent Scan Root Regions
[2024-06-09T10:11:14.074+0700][7.640s] GC(5) Concurrent Scan Root Regions 2.345ms
[2024-06-09T10:11:14.075+0700][7.640s] GC(5) Concurrent Mark
[2024-06-09T10:11:14.075+0700][7.641s] GC(5) Concurrent Mark From Roots
[2024-06-09T10:11:14.075+0700][7.641s] GC(5) Using 1 workers of 1 for marking
[2024-06-09T10:11:14.103+0700][7.669s] GC(5) Concurrent Mark From Roots 28.092ms
[2024-06-09T10:11:14.103+0700][7.669s] GC(5) Concurrent Preclean
[2024-06-09T10:11:14.103+0700][7.669s] GC(5) Concurrent Preclean 0.175ms
[2024-06-09T10:11:14.103+0700][7.669s] GC(5) Pause Remark
[2024-06-09T10:11:14.105+0700][7.671s] GC(5) Pause Remark 24M->24M(512M) 2.221ms
[2024-06-09T10:11:14.105+0700][7.671s] GC(5) User=0.00s Sys=0.00s Real=0.00s
[2024-06-09T10:11:14.105+0700][7.671s] GC(5) Concurrent Mark 30.900ms
[2024-06-09T10:11:14.105+0700][7.671s] GC(5) Concurrent Rebuild Remembered Sets
[2024-06-09T10:11:14.118+0700][7.684s] GC(5) Concurrent Rebuild Remembered Sets 12.660ms
[2024-06-09T10:11:14.118+0700][7.684s] GC(5) Pause Cleanup
[2024-06-09T10:11:14.118+0700][7.684s] GC(5) Pause Cleanup 25M->25M(512M) 0.109ms
[2024-06-09T10:11:14.118+0700][7.684s] GC(5) User=0.00s Sys=0.00s Real=0.00s
[2024-06-09T10:11:14.118+0700][7.684s] GC(5) Concurrent Cleanup for Next Mark
[2024-06-09T10:11:14.120+0700][7.686s] GC(5) Concurrent Cleanup for Next Mark 1.657ms
[2024-06-09T10:11:14.120+0700][7.686s] GC(5) Concurrent Mark Cycle 48.194ms
[2024-06-09T10:11:16.361+0700][9.927s] GC(6) Pause Young (Prepare Mixed) (Metadata GC Threshold)
[2024-06-09T10:11:16.361+0700][9.927s] GC(6) Using 4 workers of 4 for evacuation
[2024-06-09T10:11:16.370+0700][9.936s] GC(6)   Pre Evacuate Collection Set: 0.1ms
[2024-06-09T10:11:16.370+0700][9.936s] GC(6)   Merge Heap Roots: 0.1ms
[2024-06-09T10:11:16.370+0700][9.936s] GC(6)   Evacuate Collection Set: 7.9ms
[2024-06-09T10:11:16.370+0700][9.936s] GC(6)   Post Evacuate Collection Set: 0.9ms
[2024-06-09T10:11:16.370+0700][9.936s] GC(6)   Other: 0.2ms
[2024-06-09T10:11:16.370+0700][9.936s] GC(6) Eden regions: 127->0(12)
[2024-06-09T10:11:16.370+0700][9.936s] GC(6) Survivor regions: 7->13(26)
[2024-06-09T10:11:16.371+0700][9.936s] GC(6) Old regions: 14->14
[2024-06-09T10:11:16.371+0700][9.936s] GC(6) Archive regions: 0->0
[2024-06-09T10:11:16.371+0700][9.936s] GC(6) Humongous regions: 5->4
[2024-06-09T10:11:16.371+0700][9.937s] GC(6) Metaspace: 35832K(36160K)->35832K(36160K) NonClass: 31528K(31680K)->31528K(31680K) Class: 4303K(4480K)->4303K(4480K)
[2024-06-09T10:11:16.371+0700][9.937s] GC(6) Pause Young (Prepare Mixed) (Metadata GC Threshold) 151M->30M(512M) 9.442ms
[2024-06-09T10:11:16.371+0700][9.937s] GC(6) User=0.06s Sys=0.00s Real=0.01s
[2024-06-09T10:11:16.408+0700][9.974s] GC(7) Pause Young (Mixed) (Metadata GC Threshold)
[2024-06-09T10:11:16.408+0700][9.974s] GC(7) Using 4 workers of 4 for evacuation
[2024-06-09T10:11:16.415+0700][9.981s] GC(7)   Pre Evacuate Collection Set: 0.1ms
[2024-06-09T10:11:16.416+0700][9.981s] GC(7)   Merge Heap Roots: 0.1ms
[2024-06-09T10:11:16.416+0700][9.981s] GC(7)   Evacuate Collection Set: 7.1ms
[2024-06-09T10:11:16.416+0700][9.981s] GC(7)   Post Evacuate Collection Set: 0.4ms
[2024-06-09T10:11:16.416+0700][9.982s] GC(7)   Other: 0.2ms
[2024-06-09T10:11:16.416+0700][9.982s] GC(7) Eden regions: 11->0(305)
[2024-06-09T10:11:16.416+0700][9.982s] GC(7) Survivor regions: 13->2(4)
[2024-06-09T10:11:16.416+0700][9.982s] GC(7) Old regions: 14->26
[2024-06-09T10:11:16.416+0700][9.982s] GC(7) Archive regions: 0->0
[2024-06-09T10:11:16.416+0700][9.982s] GC(7) Humongous regions: 4->4
[2024-06-09T10:11:16.416+0700][9.982s] GC(7) Metaspace: 36070K(36480K)->36070K(36480K) NonClass: 31738K(31936K)->31738K(31936K) Class: 4332K(4544K)->4332K(4544K)
[2024-06-09T10:11:16.416+0700][9.982s] GC(7) Pause Young (Mixed) (Metadata GC Threshold) 40M->31M(512M) 8.042ms
[2024-06-09T10:11:16.416+0700][9.982s] GC(7) User=0.06s Sys=0.00s Real=0.01s
[2024-06-09T10:11:16.470+0700][10.035s] GC(8) Pause Young (Concurrent Start) (Metadata GC Threshold)
[2024-06-09T10:11:16.470+0700][10.036s] GC(8) Using 4 workers of 4 for evacuation
[2024-06-09T10:11:16.471+0700][10.037s] GC(8)   Pre Evacuate Collection Set: 0.1ms
[2024-06-09T10:11:16.471+0700][10.037s] GC(8)   Merge Heap Roots: 0.1ms
[2024-06-09T10:11:16.471+0700][10.037s] GC(8)   Evacuate Collection Set: 1.0ms
[2024-06-09T10:11:16.471+0700][10.037s] GC(8)   Post Evacuate Collection Set: 0.3ms
[2024-06-09T10:11:16.471+0700][10.037s] GC(8)   Other: 0.2ms
[2024-06-09T10:11:16.471+0700][10.037s] GC(8) Eden regions: 6->0(306)
[2024-06-09T10:11:16.471+0700][10.037s] GC(8) Survivor regions: 2->1(39)
[2024-06-09T10:11:16.471+0700][10.037s] GC(8) Old regions: 26->26
[2024-06-09T10:11:16.471+0700][10.037s] GC(8) Archive regions: 0->0
[2024-06-09T10:11:16.471+0700][10.037s] GC(8) Humongous regions: 4->4
[2024-06-09T10:11:16.471+0700][10.037s] GC(8) Metaspace: 36449K(36800K)->36449K(36800K) NonClass: 32074K(32256K)->32074K(32256K) Class: 4375K(4544K)->4375K(4544K)
[2024-06-09T10:11:16.471+0700][10.037s] GC(8) Pause Young (Concurrent Start) (Metadata GC Threshold) 37M->30M(512M) 1.884ms
[2024-06-09T10:11:16.471+0700][10.037s] GC(8) User=0.00s Sys=0.00s Real=0.00s
[2024-06-09T10:11:16.471+0700][10.037s] GC(9) Concurrent Mark Cycle
[2024-06-09T10:11:16.472+0700][10.037s] GC(9) Concurrent Clear Claimed Marks
[2024-06-09T10:11:16.472+0700][10.037s] GC(9) Concurrent Clear Claimed Marks 0.039ms
[2024-06-09T10:11:16.472+0700][10.038s] GC(9) Concurrent Scan Root Regions
[2024-06-09T10:11:16.472+0700][10.038s] GC(9) Concurrent Scan Root Regions 0.602ms
[2024-06-09T10:11:16.472+0700][10.038s] GC(9) Concurrent Mark
[2024-06-09T10:11:16.472+0700][10.038s] GC(9) Concurrent Mark From Roots
[2024-06-09T10:11:16.472+0700][10.038s] GC(9) Using 1 workers of 1 for marking
[2024-06-09T10:11:16.518+0700][10.084s] GC(9) Concurrent Mark From Roots 45.363ms
[2024-06-09T10:11:16.518+0700][10.084s] GC(9) Concurrent Preclean
[2024-06-09T10:11:16.518+0700][10.084s] GC(9) Concurrent Preclean 0.231ms
[2024-06-09T10:11:16.518+0700][10.084s] GC(9) Pause Remark
[2024-06-09T10:11:16.522+0700][10.088s] GC(9) Pause Remark 32M->32M(512M) 3.947ms
[2024-06-09T10:11:16.522+0700][10.088s] GC(9) User=0.00s Sys=0.00s Real=0.00s
[2024-06-09T10:11:16.522+0700][10.088s] GC(9) Concurrent Mark 50.013ms
[2024-06-09T10:11:16.522+0700][10.088s] GC(9) Concurrent Rebuild Remembered Sets
[2024-06-09T10:11:16.543+0700][10.109s] GC(9) Concurrent Rebuild Remembered Sets 20.566ms
[2024-06-09T10:11:16.543+0700][10.109s] GC(9) Pause Cleanup
[2024-06-09T10:11:16.543+0700][10.109s] GC(9) Pause Cleanup 32M->32M(512M) 0.128ms
[2024-06-09T10:11:16.543+0700][10.109s] GC(9) User=0.00s Sys=0.00s Real=0.00s
[2024-06-09T10:11:16.544+0700][10.109s] GC(9) Concurrent Cleanup for Next Mark
[2024-06-09T10:11:16.546+0700][10.112s] GC(9) Concurrent Cleanup for Next Mark 2.125ms
[2024-06-09T10:11:16.546+0700][10.112s] GC(9) Concurrent Mark Cycle 74.238ms
[2024-06-09T10:12:52.496+0700][106.062s] GC(10) Pause Young (Normal) (G1 Evacuation Pause)
[2024-06-09T10:12:52.496+0700][106.062s] GC(10) Using 4 workers of 4 for evacuation
[2024-06-09T10:12:52.530+0700][106.097s] GC(10)   Pre Evacuate Collection Set: 0.1ms
[2024-06-09T10:12:52.530+0700][106.097s] GC(10)   Merge Heap Roots: 0.2ms
[2024-06-09T10:12:52.530+0700][106.097s] GC(10)   Evacuate Collection Set: 32.7ms
[2024-06-09T10:12:52.530+0700][106.097s] GC(10)   Post Evacuate Collection Set: 1.8ms
[2024-06-09T10:12:52.530+0700][106.097s] GC(10)   Other: 0.3ms
[2024-06-09T10:12:52.530+0700][106.097s] GC(10) Eden regions: 306->0(287)
[2024-06-09T10:12:52.531+0700][106.097s] GC(10) Survivor regions: 1->20(39)
[2024-06-09T10:12:52.531+0700][106.097s] GC(10) Old regions: 26->26
[2024-06-09T10:12:52.531+0700][106.097s] GC(10) Archive regions: 0->0
[2024-06-09T10:12:52.531+0700][106.097s] GC(10) Humongous regions: 5->4
[2024-06-09T10:12:52.531+0700][106.097s] GC(10) Metaspace: 56160K(56640K)->56160K(56640K) NonClass: 49137K(49408K)->49137K(49408K) Class: 7023K(7232K)->7023K(7232K)
[2024-06-09T10:12:52.531+0700][106.098s] GC(10) Pause Young (Normal) (G1 Evacuation Pause) 337M->49M(512M) 35.315ms
[2024-06-09T10:12:52.531+0700][106.098s] GC(10) User=0.08s Sys=0.02s Real=0.03s
